Analysis & Synthesis report for Rad_Base
Sat Oct 28 23:42:30 2017
Quartus II Version 9.0 Build 235 06/17/2009 Service Pack 2 SJ Web Edition


---------------------
; Table of Contents ;
---------------------
  1. Legal Notice
  2. Analysis & Synthesis Summary
  3. Analysis & Synthesis Settings
  4. Analysis & Synthesis Source Files Read
  5. Analysis & Synthesis Resource Usage Summary
  6. Analysis & Synthesis Resource Utilization by Entity
  7. User-Specified and Inferred Latches
  8. Registers Removed During Synthesis
  9. General Register Statistics
 10. Inverted Register Statistics
 11. Port Connectivity Checks: "SW_Count_Decoder:DEecoder|DIV_F2M:DIV"
 12. Analysis & Synthesis Messages



----------------
; Legal Notice ;
----------------
Copyright (C) 1991-2009 Altera Corporation
Your use of Altera Corporation's design tools, logic functions 
and other software and tools, and its AMPP partner logic 
functions, and any output files from any of the foregoing 
(including device programming or simulation files), and any 
associated documentation or information are expressly subject 
to the terms and conditions of the Altera Program License 
Subscription Agreement, Altera MegaCore Function License 
Agreement, or other applicable license agreement, including, 
without limitation, that your use is for the sole purpose of 
programming logic devices manufactured by Altera and sold by 
Altera or its authorized distributors.  Please refer to the 
applicable agreement for further details.



+----------------------------------------------------------------------------+
; Analysis & Synthesis Summary                                               ;
+-----------------------------+----------------------------------------------+
; Analysis & Synthesis Status ; Successful - Sat Oct 28 23:42:29 2017        ;
; Quartus II Version          ; 9.0 Build 235 06/17/2009 SP 2 SJ Web Edition ;
; Revision Name               ; Rad_Base                                     ;
; Top-level Entity Name       ; Base_SW_Rad                                  ;
; Family                      ; FLEX10KE                                     ;
; Total logic elements        ; 57                                           ;
; Total pins                  ; 43                                           ;
; Total memory bits           ; 0                                            ;
; Total PLLs                  ; 0                                            ;
+-----------------------------+----------------------------------------------+


+-------------------------------------------------------------------------------------------------+
; Analysis & Synthesis Settings                                                                   ;
+--------------------------------------------------------------+------------------+---------------+
; Option                                                       ; Setting          ; Default Value ;
+--------------------------------------------------------------+------------------+---------------+
; Device                                                       ; EPF10K30EFC256-3 ;               ;
; Top-level entity name                                        ; Base_SW_Rad      ; Rad_Base      ;
; Family name                                                  ; FLEX10KE         ; Stratix II    ;
; Type of Retiming Performed During Resynthesis                ; Full             ;               ;
; Resynthesis Optimization Effort                              ; Normal           ;               ;
; Physical Synthesis Level for Resynthesis                     ; Normal           ;               ;
; Use Generated Physical Constraints File                      ; On               ;               ;
; Use smart compilation                                        ; Off              ; Off           ;
; Create Debugging Nodes for IP Cores                          ; Off              ; Off           ;
; Preserve fewer node names                                    ; On               ; On            ;
; Disable OpenCore Plus hardware evaluation                    ; Off              ; Off           ;
; Verilog Version                                              ; Verilog_2001     ; Verilog_2001  ;
; VHDL Version                                                 ; VHDL93           ; VHDL93        ;
; State Machine Processing                                     ; Auto             ; Auto          ;
; Safe State Machine                                           ; Off              ; Off           ;
; Extract Verilog State Machines                               ; On               ; On            ;
; Extract VHDL State Machines                                  ; On               ; On            ;
; Ignore Verilog initial constructs                            ; Off              ; Off           ;
; Iteration limit for constant Verilog loops                   ; 5000             ; 5000          ;
; Iteration limit for non-constant Verilog loops               ; 250              ; 250           ;
; Add Pass-Through Logic to Inferred RAMs                      ; On               ; On            ;
; Parallel Synthesis                                           ; Off              ; Off           ;
; NOT Gate Push-Back                                           ; On               ; On            ;
; Power-Up Don't Care                                          ; On               ; On            ;
; Remove Redundant Logic Cells                                 ; Off              ; Off           ;
; Remove Duplicate Registers                                   ; On               ; On            ;
; Ignore CARRY Buffers                                         ; Off              ; Off           ;
; Ignore CASCADE Buffers                                       ; Off              ; Off           ;
; Ignore GLOBAL Buffers                                        ; Off              ; Off           ;
; Ignore ROW GLOBAL Buffers                                    ; Off              ; Off           ;
; Ignore LCELL Buffers                                         ; Off              ; Off           ;
; Ignore SOFT Buffers                                          ; On               ; On            ;
; Limit AHDL Integers to 32 Bits                               ; Off              ; Off           ;
; Auto Implement in ROM                                        ; Off              ; Off           ;
; Optimization Technique                                       ; Area             ; Area          ;
; Carry Chain Length                                           ; 32               ; 32            ;
; Cascade Chain Length                                         ; 2                ; 2             ;
; Auto Carry Chains                                            ; On               ; On            ;
; Auto Open-Drain Pins                                         ; On               ; On            ;
; Auto ROM Replacement                                         ; On               ; On            ;
; Auto RAM Replacement                                         ; On               ; On            ;
; Auto Clock Enable Replacement                                ; On               ; On            ;
; Strict RAM Replacement                                       ; Off              ; Off           ;
; Auto Resource Sharing                                        ; Off              ; Off           ;
; Allow Any RAM Size For Recognition                           ; Off              ; Off           ;
; Allow Any ROM Size For Recognition                           ; Off              ; Off           ;
; Use LogicLock Constraints during Resource Balancing          ; On               ; On            ;
; Ignore translate_off and synthesis_off directives            ; Off              ; Off           ;
; Show Parameter Settings Tables in Synthesis Report           ; On               ; On            ;
; HDL message level                                            ; Level2           ; Level2        ;
; Suppress Register Optimization Related Messages              ; Off              ; Off           ;
; Number of Removed Registers Reported in Synthesis Report     ; 100              ; 100           ;
; Number of Inverted Registers Reported in Synthesis Report    ; 100              ; 100           ;
; Block Design Naming                                          ; Auto             ; Auto          ;
; Synthesis Effort                                             ; Auto             ; Auto          ;
; Shift Register Replacement - Allow Asynchronous Clear Signal ; On               ; On            ;
; Analysis & Synthesis Message Level                           ; Medium           ; Medium        ;
+--------------------------------------------------------------+------------------+---------------+


+-----------------------------------------------------------------------------------------------------------------------------------------+
; Analysis & Synthesis Source Files Read                                                                                                  ;
+----------------------------------+-----------------+-----------------+------------------------------------------------------------------+
; File Name with User-Entered Path ; Used in Netlist ; File Type       ; File Name with Absolute Path                                     ;
+----------------------------------+-----------------+-----------------+------------------------------------------------------------------+
; Decoder_Read_Word.vhd            ; yes             ; User VHDL File  ; E:/Project/SWork/SW_rad_git/Quartus_proj_2/Decoder_Read_Word.vhd ;
; ../Base_step_count.vhd           ; yes             ; User VHDL File  ; E:/Project/SWork/SW_rad_git/Base_step_count.vhd                  ;
; ../Base_SW_Rad.vhd               ; yes             ; User VHDL File  ; E:/Project/SWork/SW_rad_git/Base_SW_Rad.vhd                      ;
; ../Div_F2M.vhd                   ; yes             ; User VHDL File  ; E:/Project/SWork/SW_rad_git/Div_F2M.vhd                          ;
; ../Form_buffer.vhd               ; yes             ; User VHDL File  ; E:/Project/SWork/SW_rad_git/Form_buffer.vhd                      ;
; ../Form_word.vhd                 ; yes             ; User VHDL File  ; E:/Project/SWork/SW_rad_git/Form_word.vhd                        ;
; ../SW_Count_Coder.vhd            ; yes             ; User VHDL File  ; E:/Project/SWork/SW_rad_git/SW_Count_Coder.vhd                   ;
; ../SW_Count_Decoder.vhd          ; yes             ; User VHDL File  ; E:/Project/SWork/SW_rad_git/SW_Count_Decoder.vhd                 ;
+----------------------------------+-----------------+-----------------+------------------------------------------------------------------+


+---------------------------------------------+
; Analysis & Synthesis Resource Usage Summary ;
+--------------------------------+------------+
; Resource                       ; Usage      ;
+--------------------------------+------------+
; Total logic elements           ; 57         ;
; Total combinational functions  ; 47         ;
;     -- Total 4-input functions ; 21         ;
;     -- Total 3-input functions ; 15         ;
;     -- Total 2-input functions ; 5          ;
;     -- Total 1-input functions ; 5          ;
;     -- Total 0-input functions ; 1          ;
; Total registers                ; 28         ;
; I/O pins                       ; 43         ;
; Maximum fan-out node           ; RES        ;
; Maximum fan-out                ; 26         ;
; Total fan-out                  ; 242        ;
; Average fan-out                ; 2.42       ;
+--------------------------------+------------+


+----------------------------------------------------------------------------------------------------------------------------------------------------------------------------------------------------------------------------------------------------------+
; Analysis & Synthesis Resource Utilization by Entity                                                                                                                                                                                                      ;
+----------------------------------+-------------+--------------+-------------+------+--------------+-------------------+------------------+-----------------+------------+-----------------------------------------------------------------+--------------+
; Compilation Hierarchy Node       ; Logic Cells ; LC Registers ; Memory Bits ; Pins ; LUT-Only LCs ; Register-Only LCs ; LUT/Register LCs ; Carry Chain LCs ; Packed LCs ; Full Hierarchy Name                                             ; Library Name ;
+----------------------------------+-------------+--------------+-------------+------+--------------+-------------------+------------------+-----------------+------------+-----------------------------------------------------------------+--------------+
; |Base_SW_Rad                     ; 57 (0)      ; 28           ; 0           ; 43   ; 29 (0)       ; 10 (0)            ; 18 (0)           ; 0 (0)           ; 0 (0)      ; |Base_SW_Rad                                                    ; work         ;
;    |SW_Count_Coder:Coder|        ; 37 (0)      ; 14           ; 0           ; 0    ; 23 (0)       ; 4 (0)             ; 10 (0)           ; 0 (0)           ; 0 (0)      ; |Base_SW_Rad|SW_Count_Coder:Coder                               ; work         ;
;       |DIV_F2M:DIV|              ; 7 (7)       ; 5            ; 0           ; 0    ; 2 (2)        ; 0 (0)             ; 5 (5)            ; 0 (0)           ; 0 (0)      ; |Base_SW_Rad|SW_Count_Coder:Coder|DIV_F2M:DIV                   ; work         ;
;       |Form_buffer:Form_buffer|  ; 12 (12)     ; 6            ; 0           ; 0    ; 6 (6)        ; 4 (4)             ; 2 (2)            ; 0 (0)           ; 0 (0)      ; |Base_SW_Rad|SW_Count_Coder:Coder|Form_buffer:Form_buffer       ; work         ;
;       |Form_word:Form_word|      ; 13 (13)     ; 0            ; 0           ; 0    ; 13 (13)      ; 0 (0)             ; 0 (0)            ; 0 (0)           ; 0 (0)      ; |Base_SW_Rad|SW_Count_Coder:Coder|Form_word:Form_word           ; work         ;
;       |Step_count:COUNT|         ; 5 (5)       ; 3            ; 0           ; 0    ; 2 (2)        ; 0 (0)             ; 3 (3)            ; 0 (0)           ; 0 (0)      ; |Base_SW_Rad|SW_Count_Coder:Coder|Step_count:COUNT              ; work         ;
;    |SW_Count_Decoder:DEecoder|   ; 20 (0)      ; 14           ; 0           ; 0    ; 6 (0)        ; 6 (0)             ; 8 (0)            ; 0 (0)           ; 0 (0)      ; |Base_SW_Rad|SW_Count_Decoder:DEecoder                          ; work         ;
;       |Decoder_Reader:READ_WORD| ; 20 (20)     ; 14           ; 0           ; 0    ; 6 (6)        ; 6 (6)             ; 8 (8)            ; 0 (0)           ; 0 (0)      ; |Base_SW_Rad|SW_Count_Decoder:DEecoder|Decoder_Reader:READ_WORD ; work         ;
+----------------------------------+-------------+--------------+-------------+------+--------------+-------------------+------------------+-----------------+------------+-----------------------------------------------------------------+--------------+
Note: For table entries with two numbers listed, the numbers in parentheses indicate the number of resources of the given type used by the specific entity alone. The numbers listed outside of parentheses indicate the total resources of the given type used by the specific entity and all of its sub-entities in the hierarchy.


+-----------------------------------------------------------------------------------------------------------------------------------+
; User-Specified and Inferred Latches                                                                                               ;
+----------------------------------------------------+-----------------------------------------------------+------------------------+
; Latch Name                                         ; Latch Enable Signal                                 ; Free of Timing Hazards ;
+----------------------------------------------------+-----------------------------------------------------+------------------------+
; SW_Count_Coder:Coder|Form_word:Form_word|OUT_WORD  ; SW_Count_Coder:Coder|Form_word:Form_word|OUT_WORD~4 ; yes                    ;
; Number of user-specified and inferred latches = 1  ;                                                     ;                        ;
+----------------------------------------------------+-----------------------------------------------------+------------------------+
Note: All latches listed above may not be present at the end of synthesis due to various synthesis optimizations.


+------------------------------------------------------------------------------------------------------------+
; Registers Removed During Synthesis                                                                         ;
+--------------------------------------------------+---------------------------------------------------------+
; Register name                                    ; Reason for Removal                                      ;
+--------------------------------------------------+---------------------------------------------------------+
; SW_Count_Decoder:DEecoder|DIV_F2M:DIV|counter[0] ; Merged with SW_Count_Coder:Coder|DIV_F2M:DIV|counter[0] ;
; SW_Count_Decoder:DEecoder|DIV_F2M:DIV|counter[1] ; Merged with SW_Count_Coder:Coder|DIV_F2M:DIV|counter[1] ;
; SW_Count_Decoder:DEecoder|DIV_F2M:DIV|counter[2] ; Merged with SW_Count_Coder:Coder|DIV_F2M:DIV|counter[2] ;
; SW_Count_Decoder:DEecoder|DIV_F2M:DIV|F2M        ; Merged with SW_Count_Coder:Coder|DIV_F2M:DIV|F2M        ;
; Total Number of Removed Registers = 4            ;                                                         ;
+--------------------------------------------------+---------------------------------------------------------+


+------------------------------------------------------+
; General Register Statistics                          ;
+----------------------------------------------+-------+
; Statistic                                    ; Value ;
+----------------------------------------------+-------+
; Total registers                              ; 28    ;
; Number of registers using Synchronous Clear  ; 0     ;
; Number of registers using Synchronous Load   ; 0     ;
; Number of registers using Asynchronous Clear ; 25    ;
; Number of registers using Asynchronous Load  ; 0     ;
; Number of registers using Clock Enable       ; 15    ;
; Number of registers using Preset             ; 0     ;
+----------------------------------------------+-------+


+-------------------------------------------------------------------------+
; Inverted Register Statistics                                            ;
+---------------------------------------------------------------+---------+
; Inverted Register                                             ; Fan out ;
+---------------------------------------------------------------+---------+
; SW_Count_Coder:Coder|Step_count:COUNT|counter[1]              ; 8       ;
; SW_Count_Coder:Coder|Step_count:COUNT|counter[2]              ; 8       ;
; SW_Count_Coder:Coder|Form_buffer:Form_buffer|buffer_temp_1[0] ; 4       ;
; SW_Count_Coder:Coder|Form_buffer:Form_buffer|buffer_temp_1[1] ; 4       ;
; SW_Count_Coder:Coder|Form_buffer:Form_buffer|buffer_temp_1[2] ; 3       ;
; SW_Count_Coder:Coder|Form_buffer:Form_buffer|buffer_temp_2[0] ; 3       ;
; SW_Count_Coder:Coder|Form_buffer:Form_buffer|buffer_temp_2[1] ; 3       ;
; SW_Count_Coder:Coder|Form_buffer:Form_buffer|buffer_temp_2[2] ; 2       ;
; Total number of inverted registers = 8                        ;         ;
+---------------------------------------------------------------+---------+


+-------------------------------------------------------------------------------------------------------------------------+
; Port Connectivity Checks: "SW_Count_Decoder:DEecoder|DIV_F2M:DIV"                                                       ;
+---------------+--------+----------+-------------------------------------------------------------------------------------+
; Port          ; Type   ; Severity ; Details                                                                             ;
+---------------+--------+----------+-------------------------------------------------------------------------------------+
; status        ; Output ; Info     ; Connected to dangling logic. Logic that only feeds a dangling port will be removed. ;
; number_buffer ; Output ; Info     ; Connected to dangling logic. Logic that only feeds a dangling port will be removed. ;
+---------------+--------+----------+-------------------------------------------------------------------------------------+


+-------------------------------+
; Analysis & Synthesis Messages ;
+-------------------------------+
Info: *******************************************************************
Info: Running Quartus II Analysis & Synthesis
    Info: Version 9.0 Build 235 06/17/2009 Service Pack 2 SJ Web Edition
    Info: Processing started: Sat Oct 28 23:42:26 2017
Info: Command: quartus_map --read_settings_files=on --write_settings_files=off Rad_Base -c Rad_Base
Info: Found 2 design units, including 1 entities, in source file Decoder_Read_Word.vhd
    Info: Found design unit 1: Decoder_Reader-Decoder_Reader_arch
    Info: Found entity 1: Decoder_Reader
Info: Found 2 design units, including 1 entities, in source file ../Base_step_count.vhd
    Info: Found design unit 1: Step_count-Step_count_arch
    Info: Found entity 1: Step_count
Info: Found 2 design units, including 1 entities, in source file ../Base_SW_Rad.vhd
    Info: Found design unit 1: Base_SW_Rad-Main_ARCH_Base_SW_Rad
    Info: Found entity 1: Base_SW_Rad
Info: Found 2 design units, including 1 entities, in source file ../Div_F2M.vhd
    Info: Found design unit 1: DIV_F2M-div_f2m_arch
    Info: Found entity 1: DIV_F2M
Info: Found 2 design units, including 1 entities, in source file ../ERROR_BUFFER.vhd
    Info: Found design unit 1: Error_buffer-Error_buffer_arch
    Info: Found entity 1: Error_buffer
Info: Found 2 design units, including 1 entities, in source file ../Form_buffer.vhd
    Info: Found design unit 1: Form_buffer-Form_buffer_arch
    Info: Found entity 1: Form_buffer
Info: Found 2 design units, including 1 entities, in source file ../Form_word.vhd
    Info: Found design unit 1: Form_word-Form_word_arch
    Info: Found entity 1: Form_word
Info: Found 2 design units, including 1 entities, in source file ../SW_Count_Coder.vhd
    Info: Found design unit 1: SW_Count_Coder-Main_ARCH_COUNT_CODER
    Info: Found entity 1: SW_Count_Coder
Info: Found 2 design units, including 1 entities, in source file ../SW_Count_Decoder.vhd
    Info: Found design unit 1: SW_Count_Decoder-Main_ARCH_SW_Count_Decoder
    Info: Found entity 1: SW_Count_Decoder
Info: Elaborating entity "Base_SW_Rad" for the top level hierarchy
Info: Elaborating entity "SW_Count_Coder" for hierarchy "SW_Count_Coder:Coder"
Warning (10873): Using initial value X (don't care) for net "TEST[15]" at SW_Count_Coder.vhd(15)
Warning (10873): Using initial value X (don't care) for net "TEST[14]" at SW_Count_Coder.vhd(15)
Warning (10873): Using initial value X (don't care) for net "TEST[13]" at SW_Count_Coder.vhd(15)
Warning (10873): Using initial value X (don't care) for net "TEST[12]" at SW_Count_Coder.vhd(15)
Info: Elaborating entity "DIV_F2M" for hierarchy "SW_Count_Coder:Coder|DIV_F2M:DIV"
Info: Elaborating entity "Step_count" for hierarchy "SW_Count_Coder:Coder|Step_count:COUNT"
Info: Elaborating entity "Form_buffer" for hierarchy "SW_Count_Coder:Coder|Form_buffer:Form_buffer"
Info: Elaborating entity "Form_word" for hierarchy "SW_Count_Coder:Coder|Form_word:Form_word"
Warning (10631): VHDL Process Statement warning at Form_word.vhd(50): inferring latch(es) for signal or variable "OUT_WORD", which holds its previous value in one or more paths through the process
Info (10041): Inferred latch for "OUT_WORD" at Form_word.vhd(50)
Info: Elaborating entity "SW_Count_Decoder" for hierarchy "SW_Count_Decoder:DEecoder"
Warning (10036): Verilog HDL or VHDL warning at SW_Count_Decoder.vhd(18): object "status" assigned a value but never read
Warning (10873): Using initial value X (don't care) for net "TEST[15]" at SW_Count_Decoder.vhd(13)
Warning (10873): Using initial value X (don't care) for net "TEST[14]" at SW_Count_Decoder.vhd(13)
Warning (10873): Using initial value X (don't care) for net "TEST[13]" at SW_Count_Decoder.vhd(13)
Warning (10873): Using initial value X (don't care) for net "TEST[12]" at SW_Count_Decoder.vhd(13)
Warning (10873): Using initial value X (don't care) for net "TEST[11]" at SW_Count_Decoder.vhd(13)
Warning (10873): Using initial value X (don't care) for net "TEST[10]" at SW_Count_Decoder.vhd(13)
Warning (10873): Using initial value X (don't care) for net "TEST[9]" at SW_Count_Decoder.vhd(13)
Warning (10873): Using initial value X (don't care) for net "TEST[8]" at SW_Count_Decoder.vhd(13)
Warning (10873): Using initial value X (don't care) for net "TEST[7]" at SW_Count_Decoder.vhd(13)
Warning (10873): Using initial value X (don't care) for net "TEST[6]" at SW_Count_Decoder.vhd(13)
Warning (10873): Using initial value X (don't care) for net "TEST[5]" at SW_Count_Decoder.vhd(13)
Warning (10873): Using initial value X (don't care) for net "TEST[4]" at SW_Count_Decoder.vhd(13)
Warning (10873): Using initial value X (don't care) for net "TEST[3]" at SW_Count_Decoder.vhd(13)
Warning (10873): Using initial value X (don't care) for net "TEST[2]" at SW_Count_Decoder.vhd(13)
Info: Elaborating entity "Decoder_Reader" for hierarchy "SW_Count_Decoder:DEecoder|Decoder_Reader:READ_WORD"
Warning (10036): Verilog HDL or VHDL warning at Decoder_Read_Word.vhd(15): object "status" assigned a value but never read
Warning: Latch SW_Count_Coder:Coder|Form_word:Form_word|OUT_WORD has unsafe behavior
    Warning: Ports D and ENA on the latch are fed by the same signal SW_Count_Coder:Coder|DIV_F2M:DIV|counter[2]
Warning: Output pins are stuck at VCC or GND
    Warning (13410): Pin "TEST_CODER[12]" is stuck at GND
    Warning (13410): Pin "TEST_CODER[13]" is stuck at GND
    Warning (13410): Pin "TEST_CODER[14]" is stuck at GND
    Warning (13410): Pin "TEST_CODER[15]" is stuck at GND
    Warning (13410): Pin "TEST_DECODER[2]" is stuck at GND
    Warning (13410): Pin "TEST_DECODER[3]" is stuck at GND
    Warning (13410): Pin "TEST_DECODER[4]" is stuck at GND
    Warning (13410): Pin "TEST_DECODER[5]" is stuck at GND
    Warning (13410): Pin "TEST_DECODER[6]" is stuck at GND
    Warning (13410): Pin "TEST_DECODER[7]" is stuck at GND
    Warning (13410): Pin "TEST_DECODER[8]" is stuck at GND
    Warning (13410): Pin "TEST_DECODER[9]" is stuck at GND
    Warning (13410): Pin "TEST_DECODER[10]" is stuck at GND
    Warning (13410): Pin "TEST_DECODER[11]" is stuck at GND
    Warning (13410): Pin "TEST_DECODER[12]" is stuck at GND
    Warning (13410): Pin "TEST_DECODER[13]" is stuck at GND
    Warning (13410): Pin "TEST_DECODER[14]" is stuck at GND
    Warning (13410): Pin "TEST_DECODER[15]" is stuck at GND
Info: Registers with preset signals will power-up high
Info: Implemented 100 device resources after synthesis - the final resource count might be different
    Info: Implemented 8 input pins
    Info: Implemented 35 output pins
    Info: Implemented 57 logic cells
Info: Quartus II Analysis & Synthesis was successful. 0 errors, 42 warnings
    Info: Peak virtual memory: 227 megabytes
    Info: Processing ended: Sat Oct 28 23:42:30 2017
    Info: Elapsed time: 00:00:04
    Info: Total CPU time (on all processors): 00:00:03


