Classic Timing Analyzer report for Rad_Base
Wed Jan 10 14:51:08 2018
Quartus II Version 9.0 Build 235 06/17/2009 Service Pack 2 SJ Web Edition


---------------------
; Table of Contents ;
---------------------
  1. Legal Notice
  2. Timing Analyzer Summary
  3. Timing Analyzer Settings
  4. Clock Settings Summary
  5. Parallel Compilation
  6. Clock Setup: 'CLK'
  7. Clock Hold: 'CLK'
  8. tsu
  9. tco
 10. th
 11. Timing Analyzer Messages



----------------
; Legal Notice ;
----------------
Copyright (C) 1991-2009 Altera Corporation
Your use of Altera Corporation's design tools, logic functions 
and other software and tools, and its AMPP partner logic 
functions, and any output files from any of the foregoing 
(including device programming or simulation files), and any 
associated documentation or information are expressly subject 
to the terms and conditions of the Altera Program License 
Subscription Agreement, Altera MegaCore Function License 
Agreement, or other applicable license agreement, including, 
without limitation, that your use is for the sole purpose of 
programming logic devices manufactured by Altera and sold by 
Altera or its authorized distributors.  Please refer to the 
applicable agreement for further details.



+-----------------------------------------------------------------------------------------------------------------------------------------------------------------------------------------------------------------------------------------------------------------------------+
; Timing Analyzer Summary                                                                                                                                                                                                                                                     ;
+------------------------------+------------------------------------------+---------------+----------------------------------+--------------------------------------------------+------------------------------------------------------+------------+----------+--------------+
; Type                         ; Slack                                    ; Required Time ; Actual Time                      ; From                                             ; To                                                   ; From Clock ; To Clock ; Failed Paths ;
+------------------------------+------------------------------------------+---------------+----------------------------------+--------------------------------------------------+------------------------------------------------------+------------+----------+--------------+
; Worst-case tsu               ; N/A                                      ; None          ; 8.300 ns                         ; ERROR_WORD[1]                                    ; SW_Count_Coder:Coder|Form_word:Form_word|OUT_WORD    ; --         ; CLK      ; 0            ;
; Worst-case tco               ; N/A                                      ; None          ; 15.200 ns                        ; SW_Count_Coder:Coder|Step_count:COUNT|counter[0] ; TEST_CODER_STEP[0]                                   ; CLK        ; --       ; 0            ;
; Worst-case th                ; N/A                                      ; None          ; 3.400 ns                         ; ERROR_WORD[0]                                    ; SW_Count_Coder:Coder|Word_test:Word_test|OUT_WORD[2] ; --         ; CLK      ; 0            ;
; Clock Setup: 'CLK'           ; N/A                                      ; None          ; 47.17 MHz ( period = 21.200 ns ) ; SW_Count_Coder:Coder|DIV_F2M:DIV|counter[2]      ; SW_Count_Coder:Coder|Form_word:Form_word|OUT_WORD    ; CLK        ; CLK      ; 0            ;
; Clock Hold: 'CLK'            ; Not operational: Clock Skew > Data Delay ; None          ; N/A                              ; SW_Count_Coder:Coder|DIV_F2M:DIV|number          ; SW_Count_Coder:Coder|Word_test:Word_test|OUT_WORD[0] ; CLK        ; CLK      ; 1            ;
; Total number of failed paths ;                                          ;               ;                                  ;                                                  ;                                                      ;            ;          ; 1            ;
+------------------------------+------------------------------------------+---------------+----------------------------------+--------------------------------------------------+------------------------------------------------------+------------+----------+--------------+


+--------------------------------------------------------------------------------------------------------------------+
; Timing Analyzer Settings                                                                                           ;
+---------------------------------------------------------------------+--------------------+------+----+-------------+
; Option                                                              ; Setting            ; From ; To ; Entity Name ;
+---------------------------------------------------------------------+--------------------+------+----+-------------+
; Device Name                                                         ; EPF10K30EFC256-3   ;      ;    ;             ;
; Timing Models                                                       ; Final              ;      ;    ;             ;
; Default hold multicycle                                             ; Same as Multicycle ;      ;    ;             ;
; Cut paths between unrelated clock domains                           ; On                 ;      ;    ;             ;
; Cut off read during write signal paths                              ; On                 ;      ;    ;             ;
; Cut off feedback from I/O pins                                      ; On                 ;      ;    ;             ;
; Report Combined Fast/Slow Timing                                    ; Off                ;      ;    ;             ;
; Ignore Clock Settings                                               ; Off                ;      ;    ;             ;
; Analyze latches as synchronous elements                             ; On                 ;      ;    ;             ;
; Enable Recovery/Removal analysis                                    ; Off                ;      ;    ;             ;
; Enable Clock Latency                                                ; Off                ;      ;    ;             ;
; Use TimeQuest Timing Analyzer                                       ; Off                ;      ;    ;             ;
; Minimum Core Junction Temperature                                   ; 0                  ;      ;    ;             ;
; Maximum Core Junction Temperature                                   ; 85                 ;      ;    ;             ;
; Number of source nodes to report per destination node               ; 10                 ;      ;    ;             ;
; Number of destination nodes to report                               ; 10                 ;      ;    ;             ;
; Number of paths to report                                           ; 200                ;      ;    ;             ;
; Report Minimum Timing Checks                                        ; Off                ;      ;    ;             ;
; Use Fast Timing Models                                              ; Off                ;      ;    ;             ;
; Report IO Paths Separately                                          ; Off                ;      ;    ;             ;
; Perform Multicorner Analysis                                        ; Off                ;      ;    ;             ;
; Reports the worst-case path for each clock domain and analysis      ; Off                ;      ;    ;             ;
; Removes common clock path pessimism (CCPP) during slack computation ; Off                ;      ;    ;             ;
; Output I/O Timing Endpoint                                          ; Near End           ;      ;    ;             ;
+---------------------------------------------------------------------+--------------------+------+----+-------------+


+------------------------------------------------------------------------------------------------------------------------------------------------------------------------------------+
; Clock Settings Summary                                                                                                                                                             ;
+-----------------+--------------------+----------+------------------+---------------+--------------+----------+-----------------------+---------------------+--------+--------------+
; Clock Node Name ; Clock Setting Name ; Type     ; Fmax Requirement ; Early Latency ; Late Latency ; Based on ; Multiply Base Fmax by ; Divide Base Fmax by ; Offset ; Phase offset ;
+-----------------+--------------------+----------+------------------+---------------+--------------+----------+-----------------------+---------------------+--------+--------------+
; CLK             ;                    ; User Pin ; None             ; 0.000 ns      ; 0.000 ns     ; --       ; N/A                   ; N/A                 ; N/A    ;              ;
+-----------------+--------------------+----------+------------------+---------------+--------------+----------+-----------------------+---------------------+--------+--------------+


Parallel compilation was disabled, but you have multiple processors available. Enable parallel compilation to reduce compilation time.
+-------------------------------------+
; Parallel Compilation                ;
+----------------------------+--------+
; Processors                 ; Number ;
+----------------------------+--------+
; Number detected on machine ; 4      ;
; Maximum allowed            ; 1      ;
+----------------------------+--------+


+--------------------------------------------------------------------------------------------------------------------------------------------------------------------------------------------------------------------------------------------------------------------------------------------------------------+
; Clock Setup: 'CLK'                                                                                                                                                                                                                                                                                           ;
+-------+------------------------------------------------+--------------------------------------------------------------------+--------------------------------------------------------------------+------------+----------+-----------------------------+---------------------------+-------------------------+
; Slack ; Actual fmax (period)                           ; From                                                               ; To                                                                 ; From Clock ; To Clock ; Required Setup Relationship ; Required Longest P2P Time ; Actual Longest P2P Time ;
+-------+------------------------------------------------+--------------------------------------------------------------------+--------------------------------------------------------------------+------------+----------+-----------------------------+---------------------------+-------------------------+
; N/A   ; 47.17 MHz ( period = 21.200 ns )               ; SW_Count_Coder:Coder|DIV_F2M:DIV|counter[0]                        ; SW_Count_Coder:Coder|Form_word:Form_word|OUT_WORD                  ; CLK        ; CLK      ; None                        ; None                      ; 11.600 ns               ;
; N/A   ; 47.17 MHz ( period = 21.200 ns )               ; SW_Count_Coder:Coder|DIV_F2M:DIV|counter[2]                        ; SW_Count_Coder:Coder|Form_word:Form_word|OUT_WORD                  ; CLK        ; CLK      ; None                        ; None                      ; 11.600 ns               ;
; N/A   ; 47.62 MHz ( period = 21.000 ns )               ; SW_Count_Coder:Coder|Form_word:Form_word|OUT_WORD                  ; SW_Count_Decoder:DEecoder|Decoder_Reader:READ_WORD|sync_inner      ; CLK        ; CLK      ; None                        ; None                      ; 4.700 ns                ;
; N/A   ; 48.08 MHz ( period = 20.800 ns )               ; SW_Count_Coder:Coder|DIV_F2M:DIV|counter[1]                        ; SW_Count_Coder:Coder|Form_word:Form_word|OUT_WORD                  ; CLK        ; CLK      ; None                        ; None                      ; 11.400 ns               ;
; N/A   ; 55.56 MHz ( period = 18.000 ns )               ; SW_Count_Coder:Coder|Step_count:COUNT|counter[1]                   ; SW_Count_Coder:Coder|Form_buffer:Form_buffer|buffer_temp_1[0]      ; CLK        ; CLK      ; None                        ; None                      ; 7.900 ns                ;
; N/A   ; 57.47 MHz ( period = 17.400 ns )               ; SW_Count_Coder:Coder|Form_word:Form_word|OUT_WORD                  ; SW_Count_Decoder:DEecoder|Decoder_Reader:READ_WORD|count[2]        ; CLK        ; CLK      ; None                        ; None                      ; 2.900 ns                ;
; N/A   ; 58.14 MHz ( period = 17.200 ns )               ; SW_Count_Coder:Coder|Form_buffer:Form_buffer|buffer_temp_1[2]      ; SW_Count_Coder:Coder|Word_test:Word_test|OUT_WORD[1]               ; CLK        ; CLK      ; None                        ; None                      ; 6.500 ns                ;
; N/A   ; 58.14 MHz ( period = 17.200 ns )               ; SW_Count_Coder:Coder|Form_word:Form_word|OUT_WORD                  ; SW_Count_Decoder:DEecoder|Decoder_Reader:READ_WORD|count[1]        ; CLK        ; CLK      ; None                        ; None                      ; 2.800 ns                ;
; N/A   ; 58.82 MHz ( period = 17.000 ns )               ; SW_Count_Coder:Coder|Step_count:COUNT|counter[0]                   ; SW_Count_Coder:Coder|Form_buffer:Form_buffer|buffer_temp_1[0]      ; CLK        ; CLK      ; None                        ; None                      ; 7.400 ns                ;
; N/A   ; 59.52 MHz ( period = 16.800 ns )               ; SW_Count_Coder:Coder|Form_word:Form_word|OUT_WORD                  ; SW_Count_Decoder:DEecoder|Decoder_Reader:READ_WORD|word_inner[0]   ; CLK        ; CLK      ; None                        ; None                      ; 2.600 ns                ;
; N/A   ; 59.52 MHz ( period = 16.800 ns )               ; SW_Count_Coder:Coder|Form_word:Form_word|OUT_WORD                  ; SW_Count_Decoder:DEecoder|Decoder_Reader:READ_WORD|word_inner[1]   ; CLK        ; CLK      ; None                        ; None                      ; 2.600 ns                ;
; N/A   ; 59.52 MHz ( period = 16.800 ns )               ; SW_Count_Coder:Coder|Form_word:Form_word|OUT_WORD                  ; SW_Count_Decoder:DEecoder|Decoder_Reader:READ_WORD|word_inner[2]   ; CLK        ; CLK      ; None                        ; None                      ; 2.600 ns                ;
; N/A   ; 59.52 MHz ( period = 16.800 ns )               ; SW_Count_Coder:Coder|Form_word:Form_word|OUT_WORD                  ; SW_Count_Decoder:DEecoder|Decoder_Reader:READ_WORD|count[0]        ; CLK        ; CLK      ; None                        ; None                      ; 2.600 ns                ;
; N/A   ; 63.29 MHz ( period = 15.800 ns )               ; SW_Count_Coder:Coder|Form_buffer:Form_buffer|buffer_temp_1[2]      ; SW_Count_Coder:Coder|Word_test:Word_test|OUT_WORD[2]               ; CLK        ; CLK      ; None                        ; None                      ; 5.800 ns                ;
; N/A   ; 64.10 MHz ( period = 15.600 ns )               ; SW_Count_Coder:Coder|Step_count:COUNT|counter[1]                   ; SW_Count_Coder:Coder|Form_buffer:Form_buffer|buffer_temp_2[0]      ; CLK        ; CLK      ; None                        ; None                      ; 6.700 ns                ;
; N/A   ; 64.94 MHz ( period = 15.400 ns )               ; SW_Count_Coder:Coder|Form_buffer:Form_buffer|buffer_temp_1[1]      ; SW_Count_Coder:Coder|Word_test:Word_test|OUT_WORD[2]               ; CLK        ; CLK      ; None                        ; None                      ; 5.600 ns                ;
; N/A   ; 65.79 MHz ( period = 15.200 ns )               ; SW_Count_Coder:Coder|Form_buffer:Form_buffer|buffer_temp_1[0]      ; SW_Count_Coder:Coder|Word_test:Word_test|OUT_WORD[1]               ; CLK        ; CLK      ; None                        ; None                      ; 5.500 ns                ;
; N/A   ; 68.49 MHz ( period = 14.600 ns )               ; SW_Count_Coder:Coder|Step_count:COUNT|counter[0]                   ; SW_Count_Coder:Coder|Form_buffer:Form_buffer|buffer_temp_2[0]      ; CLK        ; CLK      ; None                        ; None                      ; 6.200 ns                ;
; N/A   ; 70.42 MHz ( period = 14.200 ns )               ; SW_Count_Coder:Coder|Form_buffer:Form_buffer|buffer_temp_1[2]      ; SW_Count_Coder:Coder|Form_word:Form_word|OUT_WORD                  ; CLK        ; CLK      ; None                        ; None                      ; 11.300 ns               ;
; N/A   ; 71.43 MHz ( period = 14.000 ns )               ; SW_Count_Coder:Coder|Form_buffer:Form_buffer|buffer_temp_1[1]      ; SW_Count_Coder:Coder|Form_word:Form_word|OUT_WORD                  ; CLK        ; CLK      ; None                        ; None                      ; 11.100 ns               ;
; N/A   ; 75.76 MHz ( period = 13.200 ns )               ; SW_Count_Coder:Coder|Form_buffer:Form_buffer|buffer_temp_1[1]      ; SW_Count_Coder:Coder|Word_test:Word_test|OUT_WORD[0]               ; CLK        ; CLK      ; None                        ; None                      ; 4.500 ns                ;
; N/A   ; 75.76 MHz ( period = 13.200 ns )               ; SW_Count_Coder:Coder|Form_buffer:Form_buffer|buffer_temp_2[0]      ; SW_Count_Coder:Coder|Form_word:Form_word|OUT_WORD                  ; CLK        ; CLK      ; None                        ; None                      ; 10.300 ns               ;
; N/A   ; 75.76 MHz ( period = 13.200 ns )               ; SW_Count_Coder:Coder|Form_buffer:Form_buffer|buffer_temp_2[1]      ; SW_Count_Coder:Coder|Form_word:Form_word|OUT_WORD                  ; CLK        ; CLK      ; None                        ; None                      ; 10.300 ns               ;
; N/A   ; 76.92 MHz ( period = 13.000 ns )               ; SW_Count_Coder:Coder|Form_buffer:Form_buffer|buffer_temp_2[0]      ; SW_Count_Coder:Coder|Word_test:Word_test|OUT_WORD[1]               ; CLK        ; CLK      ; None                        ; None                      ; 4.400 ns                ;
; N/A   ; 76.92 MHz ( period = 13.000 ns )               ; SW_Count_Coder:Coder|Form_buffer:Form_buffer|buffer_temp_2[1]      ; SW_Count_Coder:Coder|Word_test:Word_test|OUT_WORD[2]               ; CLK        ; CLK      ; None                        ; None                      ; 4.400 ns                ;
; N/A   ; 76.92 MHz ( period = 13.000 ns )               ; SW_Count_Coder:Coder|Form_buffer:Form_buffer|buffer_temp_1[0]      ; SW_Count_Coder:Coder|Form_word:Form_word|OUT_WORD                  ; CLK        ; CLK      ; None                        ; None                      ; 10.100 ns               ;
; N/A   ; 78.13 MHz ( period = 12.800 ns )               ; SW_Count_Coder:Coder|Form_buffer:Form_buffer|buffer_temp_2[1]      ; SW_Count_Coder:Coder|Word_test:Word_test|OUT_WORD[0]               ; CLK        ; CLK      ; None                        ; None                      ; 4.300 ns                ;
; N/A   ; 80.65 MHz ( period = 12.400 ns )               ; SW_Count_Coder:Coder|Form_buffer:Form_buffer|buffer_temp_2[0]      ; SW_Count_Coder:Coder|Word_test:Word_test|OUT_WORD[0]               ; CLK        ; CLK      ; None                        ; None                      ; 4.100 ns                ;
; N/A   ; 81.97 MHz ( period = 12.200 ns )               ; SW_Count_Coder:Coder|Step_count:COUNT|counter[2]                   ; SW_Count_Coder:Coder|Form_buffer:Form_buffer|buffer_temp_1[0]      ; CLK        ; CLK      ; None                        ; None                      ; 5.000 ns                ;
; N/A   ; 81.97 MHz ( period = 12.200 ns )               ; SW_Count_Coder:Coder|Form_buffer:Form_buffer|buffer_temp_1[0]      ; SW_Count_Coder:Coder|Word_test:Word_test|OUT_WORD[0]               ; CLK        ; CLK      ; None                        ; None                      ; 4.000 ns                ;
; N/A   ; 81.97 MHz ( period = 12.200 ns )               ; SW_Count_Coder:Coder|Form_buffer:Form_buffer|buffer_temp_2[2]      ; SW_Count_Coder:Coder|Word_test:Word_test|OUT_WORD[1]               ; CLK        ; CLK      ; None                        ; None                      ; 4.000 ns                ;
; N/A   ; 81.97 MHz ( period = 12.200 ns )               ; SW_Count_Coder:Coder|Form_buffer:Form_buffer|buffer_temp_2[2]      ; SW_Count_Coder:Coder|Word_test:Word_test|OUT_WORD[2]               ; CLK        ; CLK      ; None                        ; None                      ; 4.000 ns                ;
; N/A   ; 87.72 MHz ( period = 11.400 ns )               ; SW_Count_Coder:Coder|Form_buffer:Form_buffer|buffer_temp_2[2]      ; SW_Count_Coder:Coder|Form_word:Form_word|OUT_WORD                  ; CLK        ; CLK      ; None                        ; None                      ; 8.500 ns                ;
; N/A   ; 90.91 MHz ( period = 11.000 ns )               ; SW_Count_Coder:Coder|Step_count:COUNT|counter[1]                   ; SW_Count_Coder:Coder|Form_buffer:Form_buffer|buffer_temp_2[2]      ; CLK        ; CLK      ; None                        ; None                      ; 4.400 ns                ;
; N/A   ; 90.91 MHz ( period = 11.000 ns )               ; SW_Count_Coder:Coder|DIV_F2M:DIV|number                            ; SW_Count_Coder:Coder|Form_word:Form_word|OUT_WORD                  ; CLK        ; CLK      ; None                        ; None                      ; 6.500 ns                ;
; N/A   ; 92.59 MHz ( period = 10.800 ns )               ; SW_Count_Coder:Coder|Step_count:COUNT|counter[2]                   ; SW_Count_Coder:Coder|Form_buffer:Form_buffer|buffer_temp_1[1]      ; CLK        ; CLK      ; None                        ; None                      ; 4.300 ns                ;
; N/A   ; 96.15 MHz ( period = 10.400 ns )               ; SW_Count_Coder:Coder|Step_count:COUNT|counter[1]                   ; SW_Count_Coder:Coder|Form_buffer:Form_buffer|buffer_temp_1[1]      ; CLK        ; CLK      ; None                        ; None                      ; 4.100 ns                ;
; N/A   ; 106.38 MHz ( period = 9.400 ns )               ; SW_Count_Coder:Coder|Step_count:COUNT|counter[0]                   ; SW_Count_Coder:Coder|Form_buffer:Form_buffer|buffer_temp_1[1]      ; CLK        ; CLK      ; None                        ; None                      ; 3.600 ns                ;
; N/A   ; 116.28 MHz ( period = 8.600 ns )               ; SW_Count_Coder:Coder|Step_count:COUNT|counter[1]                   ; SW_Count_Coder:Coder|Form_buffer:Form_buffer|buffer_temp_2[1]      ; CLK        ; CLK      ; None                        ; None                      ; 3.200 ns                ;
; N/A   ; 119.05 MHz ( period = 8.400 ns )               ; SW_Count_Decoder:DEecoder|Decoder_Reader:READ_WORD|count_status[0] ; SW_Count_Decoder:DEecoder|Decoder_Reader:READ_WORD|word_inner[0]   ; CLK        ; CLK      ; None                        ; None                      ; 7.300 ns                ;
; N/A   ; 119.05 MHz ( period = 8.400 ns )               ; SW_Count_Decoder:DEecoder|Decoder_Reader:READ_WORD|count_status[0] ; SW_Count_Decoder:DEecoder|Decoder_Reader:READ_WORD|word_inner[1]   ; CLK        ; CLK      ; None                        ; None                      ; 7.300 ns                ;
; N/A   ; 119.05 MHz ( period = 8.400 ns )               ; SW_Count_Decoder:DEecoder|Decoder_Reader:READ_WORD|count_status[0] ; SW_Count_Decoder:DEecoder|Decoder_Reader:READ_WORD|word_inner[2]   ; CLK        ; CLK      ; None                        ; None                      ; 7.300 ns                ;
; N/A   ; 120.48 MHz ( period = 8.300 ns )               ; SW_Count_Decoder:DEecoder|Decoder_Reader:READ_WORD|sync_inner      ; SW_Count_Decoder:DEecoder|Decoder_Reader:READ_WORD|word_inner[0]   ; CLK        ; CLK      ; None                        ; None                      ; 7.200 ns                ;
; N/A   ; 120.48 MHz ( period = 8.300 ns )               ; SW_Count_Decoder:DEecoder|Decoder_Reader:READ_WORD|sync_inner      ; SW_Count_Decoder:DEecoder|Decoder_Reader:READ_WORD|word_inner[1]   ; CLK        ; CLK      ; None                        ; None                      ; 7.200 ns                ;
; N/A   ; 120.48 MHz ( period = 8.300 ns )               ; SW_Count_Decoder:DEecoder|Decoder_Reader:READ_WORD|sync_inner      ; SW_Count_Decoder:DEecoder|Decoder_Reader:READ_WORD|word_inner[2]   ; CLK        ; CLK      ; None                        ; None                      ; 7.200 ns                ;
; N/A   ; 121.95 MHz ( period = 8.200 ns )               ; SW_Count_Coder:Coder|Step_count:COUNT|counter[0]                   ; SW_Count_Coder:Coder|Form_buffer:Form_buffer|buffer_temp_2[1]      ; CLK        ; CLK      ; None                        ; None                      ; 3.000 ns                ;
; N/A   ; 131.58 MHz ( period = 7.600 ns )               ; SW_Count_Coder:Coder|DIV_F2M:DIV|F2M                               ; SW_Count_Coder:Coder|Word_test:Word_test|temp_buffer[1]            ; CLK        ; CLK      ; None                        ; None                      ; 2.700 ns                ;
; N/A   ; 138.89 MHz ( period = 7.200 ns )               ; SW_Count_Coder:Coder|Step_count:COUNT|counter[1]                   ; SW_Count_Coder:Coder|Form_buffer:Form_buffer|buffer_temp_1[2]      ; CLK        ; CLK      ; None                        ; None                      ; 2.500 ns                ;
; N/A   ; 138.89 MHz ( period = 7.200 ns )               ; SW_Count_Coder:Coder|Step_count:COUNT|counter[2]                   ; SW_Count_Coder:Coder|Form_buffer:Form_buffer|buffer_temp_1[2]      ; CLK        ; CLK      ; None                        ; None                      ; 2.500 ns                ;
; N/A   ; 138.89 MHz ( period = 7.200 ns )               ; SW_Count_Coder:Coder|Step_count:COUNT|counter[2]                   ; SW_Count_Coder:Coder|Form_buffer:Form_buffer|buffer_temp_2[2]      ; CLK        ; CLK      ; None                        ; None                      ; 2.500 ns                ;
; N/A   ; 153.85 MHz ( period = 6.500 ns )               ; SW_Count_Coder:Coder|Form_buffer:Form_buffer|buffer_temp_1[0]      ; SW_Count_Coder:Coder|Form_buffer:Form_buffer|buffer_temp_1[0]      ; CLK        ; CLK      ; None                        ; None                      ; 5.400 ns                ;
; N/A   ; 156.25 MHz ( period = 6.400 ns )               ; SW_Count_Decoder:DEecoder|Decoder_Reader:READ_WORD|count_status[0] ; SW_Count_Decoder:DEecoder|Decoder_Reader:READ_WORD|OUT_WORD[0]     ; CLK        ; CLK      ; None                        ; None                      ; 5.300 ns                ;
; N/A   ; 156.25 MHz ( period = 6.400 ns )               ; SW_Count_Decoder:DEecoder|Decoder_Reader:READ_WORD|count_status[0] ; SW_Count_Decoder:DEecoder|Decoder_Reader:READ_WORD|OUT_WORD[1]     ; CLK        ; CLK      ; None                        ; None                      ; 5.300 ns                ;
; N/A   ; 156.25 MHz ( period = 6.400 ns )               ; SW_Count_Decoder:DEecoder|Decoder_Reader:READ_WORD|count_status[0] ; SW_Count_Decoder:DEecoder|Decoder_Reader:READ_WORD|OUT_WORD[2]     ; CLK        ; CLK      ; None                        ; None                      ; 5.300 ns                ;
; N/A   ; 161.29 MHz ( period = 6.200 ns )               ; SW_Count_Coder:Coder|Step_count:COUNT|counter[1]                   ; SW_Count_Coder:Coder|Step_count:COUNT|counter[1]                   ; CLK        ; CLK      ; None                        ; None                      ; 5.100 ns                ;
; N/A   ; 175.44 MHz ( period = 5.700 ns )               ; SW_Count_Coder:Coder|Step_count:COUNT|counter[0]                   ; SW_Count_Coder:Coder|Step_count:COUNT|counter[1]                   ; CLK        ; CLK      ; None                        ; None                      ; 4.600 ns                ;
; N/A   ; 185.19 MHz ( period = 5.400 ns )               ; SW_Count_Decoder:DEecoder|Decoder_Reader:READ_WORD|count_status[1] ; SW_Count_Decoder:DEecoder|Decoder_Reader:READ_WORD|OUT_WORD[0]     ; CLK        ; CLK      ; None                        ; None                      ; 4.300 ns                ;
; N/A   ; 185.19 MHz ( period = 5.400 ns )               ; SW_Count_Decoder:DEecoder|Decoder_Reader:READ_WORD|count_status[2] ; SW_Count_Decoder:DEecoder|Decoder_Reader:READ_WORD|OUT_WORD[0]     ; CLK        ; CLK      ; None                        ; None                      ; 4.300 ns                ;
; N/A   ; 185.19 MHz ( period = 5.400 ns )               ; SW_Count_Decoder:DEecoder|Decoder_Reader:READ_WORD|count_status[1] ; SW_Count_Decoder:DEecoder|Decoder_Reader:READ_WORD|OUT_WORD[1]     ; CLK        ; CLK      ; None                        ; None                      ; 4.300 ns                ;
; N/A   ; 185.19 MHz ( period = 5.400 ns )               ; SW_Count_Decoder:DEecoder|Decoder_Reader:READ_WORD|count_status[2] ; SW_Count_Decoder:DEecoder|Decoder_Reader:READ_WORD|OUT_WORD[1]     ; CLK        ; CLK      ; None                        ; None                      ; 4.300 ns                ;
; N/A   ; 185.19 MHz ( period = 5.400 ns )               ; SW_Count_Decoder:DEecoder|Decoder_Reader:READ_WORD|count_status[1] ; SW_Count_Decoder:DEecoder|Decoder_Reader:READ_WORD|OUT_WORD[2]     ; CLK        ; CLK      ; None                        ; None                      ; 4.300 ns                ;
; N/A   ; 185.19 MHz ( period = 5.400 ns )               ; SW_Count_Decoder:DEecoder|Decoder_Reader:READ_WORD|count_status[2] ; SW_Count_Decoder:DEecoder|Decoder_Reader:READ_WORD|OUT_WORD[2]     ; CLK        ; CLK      ; None                        ; None                      ; 4.300 ns                ;
; N/A   ; 188.68 MHz ( period = 5.300 ns )               ; SW_Count_Decoder:DEecoder|Decoder_Reader:READ_WORD|count_status[2] ; SW_Count_Decoder:DEecoder|Decoder_Reader:READ_WORD|word_inner[0]   ; CLK        ; CLK      ; None                        ; None                      ; 4.200 ns                ;
; N/A   ; 188.68 MHz ( period = 5.300 ns )               ; SW_Count_Decoder:DEecoder|Decoder_Reader:READ_WORD|count_status[1] ; SW_Count_Decoder:DEecoder|Decoder_Reader:READ_WORD|word_inner[1]   ; CLK        ; CLK      ; None                        ; None                      ; 4.200 ns                ;
; N/A   ; 188.68 MHz ( period = 5.300 ns )               ; SW_Count_Decoder:DEecoder|Decoder_Reader:READ_WORD|count_status[1] ; SW_Count_Decoder:DEecoder|Decoder_Reader:READ_WORD|word_inner[2]   ; CLK        ; CLK      ; None                        ; None                      ; 4.200 ns                ;
; N/A   ; 196.08 MHz ( period = 5.100 ns )               ; SW_Count_Decoder:DEecoder|Decoder_Reader:READ_WORD|count_status[1] ; SW_Count_Decoder:DEecoder|Decoder_Reader:READ_WORD|word_inner[0]   ; CLK        ; CLK      ; None                        ; None                      ; 4.000 ns                ;
; N/A   ; 196.08 MHz ( period = 5.100 ns )               ; SW_Count_Decoder:DEecoder|Decoder_Reader:READ_WORD|count_status[2] ; SW_Count_Decoder:DEecoder|Decoder_Reader:READ_WORD|word_inner[1]   ; CLK        ; CLK      ; None                        ; None                      ; 4.000 ns                ;
; N/A   ; 196.08 MHz ( period = 5.100 ns )               ; SW_Count_Decoder:DEecoder|Decoder_Reader:READ_WORD|count_status[2] ; SW_Count_Decoder:DEecoder|Decoder_Reader:READ_WORD|word_inner[2]   ; CLK        ; CLK      ; None                        ; None                      ; 4.000 ns                ;
; N/A   ; 200.00 MHz ( period = 5.000 ns )               ; SW_Count_Coder:Coder|DIV_F2M:DIV|counter[0]                        ; SW_Count_Coder:Coder|DIV_F2M:DIV|number                            ; CLK        ; CLK      ; None                        ; None                      ; 3.900 ns                ;
; N/A   ; 200.00 MHz ( period = 5.000 ns )               ; SW_Count_Coder:Coder|DIV_F2M:DIV|counter[1]                        ; SW_Count_Coder:Coder|DIV_F2M:DIV|number                            ; CLK        ; CLK      ; None                        ; None                      ; 3.900 ns                ;
; N/A   ; Restricted to 200.00 MHz ( period = 5.000 ns ) ; SW_Count_Coder:Coder|DIV_F2M:DIV|counter[2]                        ; SW_Count_Coder:Coder|DIV_F2M:DIV|number                            ; CLK        ; CLK      ; None                        ; None                      ; 3.700 ns                ;
; N/A   ; Restricted to 200.00 MHz ( period = 5.000 ns ) ; SW_Count_Decoder:DEecoder|Decoder_Reader:READ_WORD|count[0]        ; SW_Count_Decoder:DEecoder|Decoder_Reader:READ_WORD|sync_inner      ; CLK        ; CLK      ; None                        ; None                      ; 3.300 ns                ;
; N/A   ; Restricted to 200.00 MHz ( period = 5.000 ns ) ; SW_Count_Coder:Coder|Step_count:COUNT|counter[2]                   ; SW_Count_Coder:Coder|Form_buffer:Form_buffer|buffer_temp_2[0]      ; CLK        ; CLK      ; None                        ; None                      ; 1.100 ns                ;
; N/A   ; Restricted to 200.00 MHz ( period = 5.000 ns ) ; SW_Count_Coder:Coder|Step_count:COUNT|counter[2]                   ; SW_Count_Coder:Coder|Form_buffer:Form_buffer|buffer_temp_2[1]      ; CLK        ; CLK      ; None                        ; None                      ; 1.100 ns                ;
; N/A   ; Restricted to 200.00 MHz ( period = 5.000 ns ) ; SW_Count_Decoder:DEecoder|Decoder_Reader:READ_WORD|count[1]        ; SW_Count_Decoder:DEecoder|Decoder_Reader:READ_WORD|sync_inner      ; CLK        ; CLK      ; None                        ; None                      ; 3.200 ns                ;
; N/A   ; Restricted to 200.00 MHz ( period = 5.000 ns ) ; SW_Count_Coder:Coder|DIV_F2M:DIV|counter[0]                        ; SW_Count_Coder:Coder|DIV_F2M:DIV|F2M                               ; CLK        ; CLK      ; None                        ; None                      ; 3.200 ns                ;
; N/A   ; Restricted to 200.00 MHz ( period = 5.000 ns ) ; SW_Count_Coder:Coder|DIV_F2M:DIV|counter[1]                        ; SW_Count_Coder:Coder|DIV_F2M:DIV|F2M                               ; CLK        ; CLK      ; None                        ; None                      ; 3.200 ns                ;
; N/A   ; Restricted to 200.00 MHz ( period = 5.000 ns ) ; SW_Count_Coder:Coder|DIV_F2M:DIV|counter[2]                        ; SW_Count_Coder:Coder|DIV_F2M:DIV|F2M                               ; CLK        ; CLK      ; None                        ; None                      ; 3.200 ns                ;
; N/A   ; Restricted to 200.00 MHz ( period = 5.000 ns ) ; SW_Count_Decoder:DEecoder|Decoder_Reader:READ_WORD|count[2]        ; SW_Count_Decoder:DEecoder|Decoder_Reader:READ_WORD|sync_inner      ; CLK        ; CLK      ; None                        ; None                      ; 3.000 ns                ;
; N/A   ; Restricted to 200.00 MHz ( period = 5.000 ns ) ; SW_Count_Coder:Coder|Form_buffer:Form_buffer|buffer_temp_1[1]      ; SW_Count_Coder:Coder|Form_buffer:Form_buffer|buffer_temp_1[1]      ; CLK        ; CLK      ; None                        ; None                      ; 3.000 ns                ;
; N/A   ; Restricted to 200.00 MHz ( period = 5.000 ns ) ; SW_Count_Decoder:DEecoder|Decoder_Reader:READ_WORD|sync_inner      ; SW_Count_Decoder:DEecoder|Decoder_Reader:READ_WORD|count_status[1] ; CLK        ; CLK      ; None                        ; None                      ; 2.600 ns                ;
; N/A   ; Restricted to 200.00 MHz ( period = 5.000 ns ) ; SW_Count_Decoder:DEecoder|Decoder_Reader:READ_WORD|sync_inner      ; SW_Count_Decoder:DEecoder|Decoder_Reader:READ_WORD|count_status[2] ; CLK        ; CLK      ; None                        ; None                      ; 2.600 ns                ;
; N/A   ; Restricted to 200.00 MHz ( period = 5.000 ns ) ; SW_Count_Decoder:DEecoder|Decoder_Reader:READ_WORD|sync_inner      ; SW_Count_Decoder:DEecoder|Decoder_Reader:READ_WORD|SYNC            ; CLK        ; CLK      ; None                        ; None                      ; 2.600 ns                ;
; N/A   ; Restricted to 200.00 MHz ( period = 5.000 ns ) ; SW_Count_Decoder:DEecoder|Decoder_Reader:READ_WORD|count_status[0] ; SW_Count_Decoder:DEecoder|Decoder_Reader:READ_WORD|count_status[2] ; CLK        ; CLK      ; None                        ; None                      ; 2.500 ns                ;
; N/A   ; Restricted to 200.00 MHz ( period = 5.000 ns ) ; SW_Count_Decoder:DEecoder|Decoder_Reader:READ_WORD|count_status[0] ; SW_Count_Decoder:DEecoder|Decoder_Reader:READ_WORD|SYNC            ; CLK        ; CLK      ; None                        ; None                      ; 2.500 ns                ;
; N/A   ; Restricted to 200.00 MHz ( period = 5.000 ns ) ; SW_Count_Decoder:DEecoder|Decoder_Reader:READ_WORD|count_status[0] ; SW_Count_Decoder:DEecoder|Decoder_Reader:READ_WORD|count_status[1] ; CLK        ; CLK      ; None                        ; None                      ; 2.300 ns                ;
; N/A   ; Restricted to 200.00 MHz ( period = 5.000 ns ) ; SW_Count_Decoder:DEecoder|Decoder_Reader:READ_WORD|sync_inner      ; SW_Count_Decoder:DEecoder|Decoder_Reader:READ_WORD|count_status[0] ; CLK        ; CLK      ; None                        ; None                      ; 1.900 ns                ;
; N/A   ; Restricted to 200.00 MHz ( period = 5.000 ns ) ; SW_Count_Decoder:DEecoder|Decoder_Reader:READ_WORD|sync_inner      ; SW_Count_Decoder:DEecoder|Decoder_Reader:READ_WORD|OUT_WORD[0]     ; CLK        ; CLK      ; None                        ; None                      ; 1.700 ns                ;
; N/A   ; Restricted to 200.00 MHz ( period = 5.000 ns ) ; SW_Count_Decoder:DEecoder|Decoder_Reader:READ_WORD|sync_inner      ; SW_Count_Decoder:DEecoder|Decoder_Reader:READ_WORD|OUT_WORD[1]     ; CLK        ; CLK      ; None                        ; None                      ; 1.700 ns                ;
; N/A   ; Restricted to 200.00 MHz ( period = 5.000 ns ) ; SW_Count_Decoder:DEecoder|Decoder_Reader:READ_WORD|sync_inner      ; SW_Count_Decoder:DEecoder|Decoder_Reader:READ_WORD|OUT_WORD[2]     ; CLK        ; CLK      ; None                        ; None                      ; 1.700 ns                ;
; N/A   ; Restricted to 200.00 MHz ( period = 5.000 ns ) ; SW_Count_Coder:Coder|DIV_F2M:DIV|number                            ; SW_Count_Coder:Coder|Word_test:Word_test|OUT_WORD[1]               ; CLK        ; CLK      ; None                        ; None                      ; 4.500 ns                ;
; N/A   ; Restricted to 200.00 MHz ( period = 5.000 ns ) ; SW_Count_Coder:Coder|DIV_F2M:DIV|number                            ; SW_Count_Coder:Coder|Word_test:Word_test|OUT_WORD[2]               ; CLK        ; CLK      ; None                        ; None                      ; 4.500 ns                ;
; N/A   ; Restricted to 200.00 MHz ( period = 5.000 ns ) ; SW_Count_Coder:Coder|Step_count:COUNT|counter[0]                   ; SW_Count_Coder:Coder|Step_count:COUNT|counter[0]                   ; CLK        ; CLK      ; None                        ; None                      ; 1.400 ns                ;
; N/A   ; Restricted to 200.00 MHz ( period = 5.000 ns ) ; SW_Count_Coder:Coder|Step_count:COUNT|counter[1]                   ; SW_Count_Coder:Coder|Step_count:COUNT|counter[2]                   ; CLK        ; CLK      ; None                        ; None                      ; 1.400 ns                ;
; N/A   ; Restricted to 200.00 MHz ( period = 5.000 ns ) ; SW_Count_Decoder:DEecoder|DIV_F2M:DIV|counter[2]                   ; SW_Count_Decoder:DEecoder|DIV_F2M:DIV|F2M                          ; CLK        ; CLK      ; None                        ; None                      ; 1.400 ns                ;
; N/A   ; Restricted to 200.00 MHz ( period = 5.000 ns ) ; SW_Count_Decoder:DEecoder|Decoder_Reader:READ_WORD|count[1]        ; SW_Count_Decoder:DEecoder|Decoder_Reader:READ_WORD|count[0]        ; CLK        ; CLK      ; None                        ; None                      ; 1.400 ns                ;
; N/A   ; Restricted to 200.00 MHz ( period = 5.000 ns ) ; SW_Count_Decoder:DEecoder|Decoder_Reader:READ_WORD|OUT_WORD[0]     ; SW_Count_Decoder:DEecoder|Decoder_Reader:READ_WORD|OUT_WORD[0]     ; CLK        ; CLK      ; None                        ; None                      ; 1.300 ns                ;
; N/A   ; Restricted to 200.00 MHz ( period = 5.000 ns ) ; SW_Count_Decoder:DEecoder|Decoder_Reader:READ_WORD|word_inner[0]   ; SW_Count_Decoder:DEecoder|Decoder_Reader:READ_WORD|OUT_WORD[0]     ; CLK        ; CLK      ; None                        ; None                      ; 1.300 ns                ;
; N/A   ; Restricted to 200.00 MHz ( period = 5.000 ns ) ; SW_Count_Decoder:DEecoder|Decoder_Reader:READ_WORD|OUT_WORD[1]     ; SW_Count_Decoder:DEecoder|Decoder_Reader:READ_WORD|OUT_WORD[1]     ; CLK        ; CLK      ; None                        ; None                      ; 1.300 ns                ;
; N/A   ; Restricted to 200.00 MHz ( period = 5.000 ns ) ; SW_Count_Decoder:DEecoder|Decoder_Reader:READ_WORD|word_inner[1]   ; SW_Count_Decoder:DEecoder|Decoder_Reader:READ_WORD|OUT_WORD[1]     ; CLK        ; CLK      ; None                        ; None                      ; 1.300 ns                ;
; N/A   ; Restricted to 200.00 MHz ( period = 5.000 ns ) ; SW_Count_Decoder:DEecoder|Decoder_Reader:READ_WORD|count_status[1] ; SW_Count_Decoder:DEecoder|Decoder_Reader:READ_WORD|count_status[1] ; CLK        ; CLK      ; None                        ; None                      ; 1.300 ns                ;
; N/A   ; Restricted to 200.00 MHz ( period = 5.000 ns ) ; SW_Count_Decoder:DEecoder|Decoder_Reader:READ_WORD|count_status[1] ; SW_Count_Decoder:DEecoder|Decoder_Reader:READ_WORD|count_status[2] ; CLK        ; CLK      ; None                        ; None                      ; 1.300 ns                ;
; N/A   ; Restricted to 200.00 MHz ( period = 5.000 ns ) ; SW_Count_Decoder:DEecoder|Decoder_Reader:READ_WORD|OUT_WORD[2]     ; SW_Count_Decoder:DEecoder|Decoder_Reader:READ_WORD|OUT_WORD[2]     ; CLK        ; CLK      ; None                        ; None                      ; 1.300 ns                ;
; N/A   ; Restricted to 200.00 MHz ( period = 5.000 ns ) ; SW_Count_Decoder:DEecoder|Decoder_Reader:READ_WORD|word_inner[2]   ; SW_Count_Decoder:DEecoder|Decoder_Reader:READ_WORD|OUT_WORD[2]     ; CLK        ; CLK      ; None                        ; None                      ; 1.300 ns                ;
; N/A   ; Restricted to 200.00 MHz ( period = 5.000 ns ) ; SW_Count_Coder:Coder|Step_count:COUNT|counter[2]                   ; SW_Count_Coder:Coder|Step_count:COUNT|counter[2]                   ; CLK        ; CLK      ; None                        ; None                      ; 1.300 ns                ;
; N/A   ; Restricted to 200.00 MHz ( period = 5.000 ns ) ; SW_Count_Coder:Coder|Form_buffer:Form_buffer|buffer_temp_1[2]      ; SW_Count_Coder:Coder|Form_buffer:Form_buffer|buffer_temp_1[2]      ; CLK        ; CLK      ; None                        ; None                      ; 1.300 ns                ;
; N/A   ; Restricted to 200.00 MHz ( period = 5.000 ns ) ; SW_Count_Coder:Coder|DIV_F2M:DIV|counter[0]                        ; SW_Count_Coder:Coder|DIV_F2M:DIV|counter[1]                        ; CLK        ; CLK      ; None                        ; None                      ; 1.300 ns                ;
; N/A   ; Restricted to 200.00 MHz ( period = 5.000 ns ) ; SW_Count_Coder:Coder|DIV_F2M:DIV|counter[0]                        ; SW_Count_Coder:Coder|DIV_F2M:DIV|counter[2]                        ; CLK        ; CLK      ; None                        ; None                      ; 1.300 ns                ;
; N/A   ; Restricted to 200.00 MHz ( period = 5.000 ns ) ; SW_Count_Coder:Coder|DIV_F2M:DIV|counter[1]                        ; SW_Count_Coder:Coder|DIV_F2M:DIV|counter[2]                        ; CLK        ; CLK      ; None                        ; None                      ; 1.300 ns                ;
; N/A   ; Restricted to 200.00 MHz ( period = 5.000 ns ) ; SW_Count_Decoder:DEecoder|Decoder_Reader:READ_WORD|count_status[1] ; SW_Count_Decoder:DEecoder|Decoder_Reader:READ_WORD|SYNC            ; CLK        ; CLK      ; None                        ; None                      ; 1.300 ns                ;
; N/A   ; Restricted to 200.00 MHz ( period = 5.000 ns ) ; SW_Count_Decoder:DEecoder|DIV_F2M:DIV|counter[1]                   ; SW_Count_Decoder:DEecoder|DIV_F2M:DIV|F2M                          ; CLK        ; CLK      ; None                        ; None                      ; 1.300 ns                ;
; N/A   ; Restricted to 200.00 MHz ( period = 5.000 ns ) ; SW_Count_Decoder:DEecoder|DIV_F2M:DIV|counter[0]                   ; SW_Count_Decoder:DEecoder|DIV_F2M:DIV|F2M                          ; CLK        ; CLK      ; None                        ; None                      ; 1.300 ns                ;
; N/A   ; Restricted to 200.00 MHz ( period = 5.000 ns ) ; SW_Count_Decoder:DEecoder|DIV_F2M:DIV|counter[0]                   ; SW_Count_Decoder:DEecoder|DIV_F2M:DIV|counter[1]                   ; CLK        ; CLK      ; None                        ; None                      ; 1.300 ns                ;
; N/A   ; Restricted to 200.00 MHz ( period = 5.000 ns ) ; SW_Count_Decoder:DEecoder|DIV_F2M:DIV|counter[1]                   ; SW_Count_Decoder:DEecoder|DIV_F2M:DIV|counter[2]                   ; CLK        ; CLK      ; None                        ; None                      ; 1.300 ns                ;
; N/A   ; Restricted to 200.00 MHz ( period = 5.000 ns ) ; SW_Count_Decoder:DEecoder|DIV_F2M:DIV|counter[0]                   ; SW_Count_Decoder:DEecoder|DIV_F2M:DIV|counter[2]                   ; CLK        ; CLK      ; None                        ; None                      ; 1.300 ns                ;
; N/A   ; Restricted to 200.00 MHz ( period = 5.000 ns ) ; SW_Count_Decoder:DEecoder|Decoder_Reader:READ_WORD|count[1]        ; SW_Count_Decoder:DEecoder|Decoder_Reader:READ_WORD|count[2]        ; CLK        ; CLK      ; None                        ; None                      ; 1.300 ns                ;
; N/A   ; Restricted to 200.00 MHz ( period = 5.000 ns ) ; SW_Count_Decoder:DEecoder|Decoder_Reader:READ_WORD|count[0]        ; SW_Count_Decoder:DEecoder|Decoder_Reader:READ_WORD|count[2]        ; CLK        ; CLK      ; None                        ; None                      ; 1.300 ns                ;
; N/A   ; Restricted to 200.00 MHz ( period = 5.000 ns ) ; SW_Count_Decoder:DEecoder|Decoder_Reader:READ_WORD|count[0]        ; SW_Count_Decoder:DEecoder|Decoder_Reader:READ_WORD|count[1]        ; CLK        ; CLK      ; None                        ; None                      ; 1.300 ns                ;
; N/A   ; Restricted to 200.00 MHz ( period = 5.000 ns ) ; SW_Count_Decoder:DEecoder|Decoder_Reader:READ_WORD|count[2]        ; SW_Count_Decoder:DEecoder|Decoder_Reader:READ_WORD|count[0]        ; CLK        ; CLK      ; None                        ; None                      ; 1.300 ns                ;
; N/A   ; Restricted to 200.00 MHz ( period = 5.000 ns ) ; SW_Count_Decoder:DEecoder|Decoder_Reader:READ_WORD|count[0]        ; SW_Count_Decoder:DEecoder|Decoder_Reader:READ_WORD|count[0]        ; CLK        ; CLK      ; None                        ; None                      ; 1.300 ns                ;
; N/A   ; Restricted to 200.00 MHz ( period = 5.000 ns ) ; SW_Count_Decoder:DEecoder|Decoder_Reader:READ_WORD|count_status[2] ; SW_Count_Decoder:DEecoder|Decoder_Reader:READ_WORD|count_status[2] ; CLK        ; CLK      ; None                        ; None                      ; 1.100 ns                ;
; N/A   ; Restricted to 200.00 MHz ( period = 5.000 ns ) ; SW_Count_Decoder:DEecoder|Decoder_Reader:READ_WORD|count_status[0] ; SW_Count_Decoder:DEecoder|Decoder_Reader:READ_WORD|count_status[0] ; CLK        ; CLK      ; None                        ; None                      ; 1.100 ns                ;
; N/A   ; Restricted to 200.00 MHz ( period = 5.000 ns ) ; SW_Count_Coder:Coder|Step_count:COUNT|counter[1]                   ; SW_Count_Coder:Coder|Step_count:COUNT|counter[0]                   ; CLK        ; CLK      ; None                        ; None                      ; 1.100 ns                ;
; N/A   ; Restricted to 200.00 MHz ( period = 5.000 ns ) ; SW_Count_Coder:Coder|DIV_F2M:DIV|F2M                               ; SW_Count_Coder:Coder|DIV_F2M:DIV|F2M                               ; CLK        ; CLK      ; None                        ; None                      ; 1.100 ns                ;
; N/A   ; Restricted to 200.00 MHz ( period = 5.000 ns ) ; SW_Count_Coder:Coder|DIV_F2M:DIV|number                            ; SW_Count_Coder:Coder|DIV_F2M:DIV|number                            ; CLK        ; CLK      ; None                        ; None                      ; 1.100 ns                ;
; N/A   ; Restricted to 200.00 MHz ( period = 5.000 ns ) ; SW_Count_Coder:Coder|DIV_F2M:DIV|counter[0]                        ; SW_Count_Coder:Coder|DIV_F2M:DIV|counter[0]                        ; CLK        ; CLK      ; None                        ; None                      ; 1.100 ns                ;
; N/A   ; Restricted to 200.00 MHz ( period = 5.000 ns ) ; SW_Count_Coder:Coder|DIV_F2M:DIV|counter[1]                        ; SW_Count_Coder:Coder|DIV_F2M:DIV|counter[1]                        ; CLK        ; CLK      ; None                        ; None                      ; 1.100 ns                ;
; N/A   ; Restricted to 200.00 MHz ( period = 5.000 ns ) ; SW_Count_Coder:Coder|DIV_F2M:DIV|counter[2]                        ; SW_Count_Coder:Coder|DIV_F2M:DIV|counter[2]                        ; CLK        ; CLK      ; None                        ; None                      ; 1.100 ns                ;
; N/A   ; Restricted to 200.00 MHz ( period = 5.000 ns ) ; SW_Count_Coder:Coder|Word_test:Word_test|temp_buffer[0]            ; SW_Count_Coder:Coder|Word_test:Word_test|inner_f2m                 ; CLK        ; CLK      ; None                        ; None                      ; 1.100 ns                ;
; N/A   ; Restricted to 200.00 MHz ( period = 5.000 ns ) ; SW_Count_Coder:Coder|Word_test:Word_test|temp_buffer[1]            ; SW_Count_Coder:Coder|Word_test:Word_test|temp_buffer[0]            ; CLK        ; CLK      ; None                        ; None                      ; 1.100 ns                ;
; N/A   ; Restricted to 200.00 MHz ( period = 5.000 ns ) ; SW_Count_Decoder:DEecoder|Decoder_Reader:READ_WORD|count_status[2] ; SW_Count_Decoder:DEecoder|Decoder_Reader:READ_WORD|SYNC            ; CLK        ; CLK      ; None                        ; None                      ; 1.100 ns                ;
; N/A   ; Restricted to 200.00 MHz ( period = 5.000 ns ) ; SW_Count_Decoder:DEecoder|DIV_F2M:DIV|F2M                          ; SW_Count_Decoder:DEecoder|DIV_F2M:DIV|F2M                          ; CLK        ; CLK      ; None                        ; None                      ; 1.100 ns                ;
; N/A   ; Restricted to 200.00 MHz ( period = 5.000 ns ) ; SW_Count_Decoder:DEecoder|DIV_F2M:DIV|counter[1]                   ; SW_Count_Decoder:DEecoder|DIV_F2M:DIV|counter[1]                   ; CLK        ; CLK      ; None                        ; None                      ; 1.100 ns                ;
; N/A   ; Restricted to 200.00 MHz ( period = 5.000 ns ) ; SW_Count_Decoder:DEecoder|DIV_F2M:DIV|counter[0]                   ; SW_Count_Decoder:DEecoder|DIV_F2M:DIV|counter[0]                   ; CLK        ; CLK      ; None                        ; None                      ; 1.100 ns                ;
; N/A   ; Restricted to 200.00 MHz ( period = 5.000 ns ) ; SW_Count_Decoder:DEecoder|DIV_F2M:DIV|counter[2]                   ; SW_Count_Decoder:DEecoder|DIV_F2M:DIV|counter[2]                   ; CLK        ; CLK      ; None                        ; None                      ; 1.100 ns                ;
; N/A   ; Restricted to 200.00 MHz ( period = 5.000 ns ) ; SW_Count_Decoder:DEecoder|Decoder_Reader:READ_WORD|count[2]        ; SW_Count_Decoder:DEecoder|Decoder_Reader:READ_WORD|count[2]        ; CLK        ; CLK      ; None                        ; None                      ; 1.100 ns                ;
; N/A   ; Restricted to 200.00 MHz ( period = 5.000 ns ) ; SW_Count_Decoder:DEecoder|Decoder_Reader:READ_WORD|count[1]        ; SW_Count_Decoder:DEecoder|Decoder_Reader:READ_WORD|count[1]        ; CLK        ; CLK      ; None                        ; None                      ; 1.100 ns                ;
; N/A   ; Restricted to 200.00 MHz ( period = 5.000 ns ) ; SW_Count_Coder:Coder|DIV_F2M:DIV|number                            ; SW_Count_Coder:Coder|Word_test:Word_test|OUT_WORD[0]               ; CLK        ; CLK      ; None                        ; None                      ; 2.600 ns                ;
+-------+------------------------------------------------+--------------------------------------------------------------------+--------------------------------------------------------------------+------------+----------+-----------------------------+---------------------------+-------------------------+


+--------------------------------------------------------------------------------------------------------------------------------------------------------------------------------------------------------------------------------------------------------+
; Clock Hold: 'CLK'                                                                                                                                                                                                                                      ;
+------------------------------------------+-----------------------------------------+------------------------------------------------------+------------+----------+----------------------------+----------------------------+--------------------------+
; Minimum Slack                            ; From                                    ; To                                                   ; From Clock ; To Clock ; Required Hold Relationship ; Required Shortest P2P Time ; Actual Shortest P2P Time ;
+------------------------------------------+-----------------------------------------+------------------------------------------------------+------------+----------+----------------------------+----------------------------+--------------------------+
; Not operational: Clock Skew > Data Delay ; SW_Count_Coder:Coder|DIV_F2M:DIV|number ; SW_Count_Coder:Coder|Word_test:Word_test|OUT_WORD[0] ; CLK        ; CLK      ; None                       ; None                       ; 2.600 ns                 ;
+------------------------------------------+-----------------------------------------+------------------------------------------------------+------------+----------+----------------------------+----------------------------+--------------------------+


+------------------------------------------------------------------------------------------------------------------------------------+
; tsu                                                                                                                                ;
+-------+--------------+------------+------------------+------------------------------------------------------------------+----------+
; Slack ; Required tsu ; Actual tsu ; From             ; To                                                               ; To Clock ;
+-------+--------------+------------+------------------+------------------------------------------------------------------+----------+
; N/A   ; None         ; 8.300 ns   ; ERROR_WORD[1]    ; SW_Count_Coder:Coder|Form_word:Form_word|OUT_WORD                ; CLK      ;
; N/A   ; None         ; 8.100 ns   ; ERROR_WORD[0]    ; SW_Count_Coder:Coder|Form_word:Form_word|OUT_WORD                ; CLK      ;
; N/A   ; None         ; 6.200 ns   ; ERROR_BUFFER[1]  ; SW_Count_Coder:Coder|Form_buffer:Form_buffer|buffer_temp_1[0]    ; CLK      ;
; N/A   ; None         ; 6.200 ns   ; RES_DEC          ; SW_Count_Decoder:DEecoder|Decoder_Reader:READ_WORD|word_inner[0] ; CLK      ;
; N/A   ; None         ; 6.200 ns   ; RES_DEC          ; SW_Count_Decoder:DEecoder|Decoder_Reader:READ_WORD|word_inner[1] ; CLK      ;
; N/A   ; None         ; 6.200 ns   ; RES_DEC          ; SW_Count_Decoder:DEecoder|Decoder_Reader:READ_WORD|word_inner[2] ; CLK      ;
; N/A   ; None         ; 6.000 ns   ; ERROR_BUFFER[0]  ; SW_Count_Coder:Coder|Form_buffer:Form_buffer|buffer_temp_1[0]    ; CLK      ;
; N/A   ; None         ; 4.200 ns   ; ERROR_BUFFER[1]  ; SW_Count_Coder:Coder|Form_buffer:Form_buffer|buffer_temp_1[2]    ; CLK      ;
; N/A   ; None         ; 4.200 ns   ; ERROR_BUFFER[0]  ; SW_Count_Coder:Coder|Form_buffer:Form_buffer|buffer_temp_1[2]    ; CLK      ;
; N/A   ; None         ; 3.000 ns   ; RES_COD          ; SW_Count_Coder:Coder|Word_test:Word_test|temp_buffer[0]          ; CLK      ;
; N/A   ; None         ; 3.000 ns   ; RES_COD          ; SW_Count_Coder:Coder|Word_test:Word_test|temp_buffer[1]          ; CLK      ;
; N/A   ; None         ; 2.700 ns   ; ERROR_BUFFER[1]  ; SW_Count_Coder:Coder|Form_buffer:Form_buffer|buffer_temp_1[1]    ; CLK      ;
; N/A   ; None         ; 2.600 ns   ; ERROR_COUNTER[0] ; SW_Count_Coder:Coder|Step_count:COUNT|counter[0]                 ; CLK      ;
; N/A   ; None         ; 2.600 ns   ; ERROR_COUNTER[0] ; SW_Count_Coder:Coder|Step_count:COUNT|counter[1]                 ; CLK      ;
; N/A   ; None         ; 2.600 ns   ; ERROR_COUNTER[0] ; SW_Count_Coder:Coder|Step_count:COUNT|counter[2]                 ; CLK      ;
; N/A   ; None         ; 2.500 ns   ; ERROR_BUFFER[0]  ; SW_Count_Coder:Coder|Form_buffer:Form_buffer|buffer_temp_1[1]    ; CLK      ;
; N/A   ; None         ; 2.100 ns   ; ERROR_COUNTER[1] ; SW_Count_Coder:Coder|Step_count:COUNT|counter[0]                 ; CLK      ;
; N/A   ; None         ; 2.100 ns   ; ERROR_COUNTER[1] ; SW_Count_Coder:Coder|Step_count:COUNT|counter[1]                 ; CLK      ;
; N/A   ; None         ; 1.900 ns   ; ERROR_COUNTER[1] ; SW_Count_Coder:Coder|Step_count:COUNT|counter[2]                 ; CLK      ;
; N/A   ; None         ; 0.500 ns   ; ERROR_WORD[1]    ; SW_Count_Coder:Coder|Word_test:Word_test|OUT_WORD[0]             ; CLK      ;
; N/A   ; None         ; 0.300 ns   ; ERROR_WORD[0]    ; SW_Count_Coder:Coder|Word_test:Word_test|OUT_WORD[0]             ; CLK      ;
; N/A   ; None         ; -1.500 ns  ; ERROR_WORD[1]    ; SW_Count_Coder:Coder|Word_test:Word_test|OUT_WORD[1]             ; CLK      ;
; N/A   ; None         ; -1.500 ns  ; ERROR_WORD[1]    ; SW_Count_Coder:Coder|Word_test:Word_test|OUT_WORD[2]             ; CLK      ;
; N/A   ; None         ; -1.500 ns  ; ERROR_WORD[0]    ; SW_Count_Coder:Coder|Word_test:Word_test|OUT_WORD[1]             ; CLK      ;
; N/A   ; None         ; -1.500 ns  ; ERROR_WORD[0]    ; SW_Count_Coder:Coder|Word_test:Word_test|OUT_WORD[2]             ; CLK      ;
+-------+--------------+------------+------------------+------------------------------------------------------------------+----------+


+--------------------------------------------------------------------------------------------------------------------------------------------+
; tco                                                                                                                                        ;
+-------+--------------+------------+----------------------------------------------------------------+--------------------------+------------+
; Slack ; Required tco ; Actual tco ; From                                                           ; To                       ; From Clock ;
+-------+--------------+------------+----------------------------------------------------------------+--------------------------+------------+
; N/A   ; None         ; 15.200 ns  ; SW_Count_Coder:Coder|Form_buffer:Form_buffer|buffer_temp_1[2]  ; TEST_CODER_BUFFER_1[2]   ; CLK        ;
; N/A   ; None         ; 15.200 ns  ; SW_Count_Coder:Coder|Step_count:COUNT|counter[0]               ; TEST_CODER_STEP[0]       ; CLK        ;
; N/A   ; None         ; 15.100 ns  ; SW_Count_Coder:Coder|Form_buffer:Form_buffer|buffer_temp_1[0]  ; TEST_CODER_BUFFER_1[0]   ; CLK        ;
; N/A   ; None         ; 15.000 ns  ; SW_Count_Coder:Coder|Form_buffer:Form_buffer|buffer_temp_2[2]  ; TEST_CODER_BUFFER_2[2]   ; CLK        ;
; N/A   ; None         ; 14.800 ns  ; SW_Count_Coder:Coder|Form_word:Form_word|OUT_WORD              ; TEST_CODER_OUTPUT        ; CLK        ;
; N/A   ; None         ; 14.500 ns  ; SW_Count_Coder:Coder|Form_buffer:Form_buffer|buffer_temp_1[1]  ; TEST_CODER_BUFFER_1[1]   ; CLK        ;
; N/A   ; None         ; 14.400 ns  ; SW_Count_Coder:Coder|Form_buffer:Form_buffer|buffer_temp_2[0]  ; TEST_CODER_BUFFER_2[0]   ; CLK        ;
; N/A   ; None         ; 14.400 ns  ; SW_Count_Coder:Coder|Step_count:COUNT|counter[2]               ; TEST_CODER_STEP[2]       ; CLK        ;
; N/A   ; None         ; 14.400 ns  ; SW_Count_Coder:Coder|Step_count:COUNT|counter[1]               ; TEST_CODER_STEP[1]       ; CLK        ;
; N/A   ; None         ; 14.000 ns  ; SW_Count_Coder:Coder|Word_test:Word_test|OUT_WORD[0]           ; TEST_CODER_WORD[0]       ; CLK        ;
; N/A   ; None         ; 13.800 ns  ; SW_Count_Coder:Coder|Form_buffer:Form_buffer|buffer_temp_2[1]  ; TEST_CODER_BUFFER_2[1]   ; CLK        ;
; N/A   ; None         ; 13.000 ns  ; SW_Count_Coder:Coder|Word_test:Word_test|OUT_WORD[1]           ; TEST_CODER_WORD[1]       ; CLK        ;
; N/A   ; None         ; 12.800 ns  ; SW_Count_Coder:Coder|Word_test:Word_test|OUT_WORD[2]           ; TEST_CODER_WORD[2]       ; CLK        ;
; N/A   ; None         ; 11.100 ns  ; SW_Count_Decoder:DEecoder|Decoder_Reader:READ_WORD|SYNC        ; TEST_DECODER_SYNC        ; CLK        ;
; N/A   ; None         ; 10.600 ns  ; SW_Count_Decoder:DEecoder|DIV_F2M:DIV|F2M                      ; TEST_DECODER[8]          ; CLK        ;
; N/A   ; None         ; 10.500 ns  ; SW_Count_Coder:Coder|DIV_F2M:DIV|number                        ; TEST_CODER_NUMBER_BUFFER ; CLK        ;
; N/A   ; None         ; 10.400 ns  ; SW_Count_Decoder:DEecoder|Decoder_Reader:READ_WORD|OUT_WORD[2] ; DECODER_INPUT_WORD[2]    ; CLK        ;
; N/A   ; None         ; 10.400 ns  ; SW_Count_Decoder:DEecoder|Decoder_Reader:READ_WORD|OUT_WORD[1] ; DECODER_INPUT_WORD[1]    ; CLK        ;
; N/A   ; None         ; 10.400 ns  ; SW_Count_Decoder:DEecoder|Decoder_Reader:READ_WORD|OUT_WORD[0] ; DECODER_INPUT_WORD[0]    ; CLK        ;
; N/A   ; None         ; 10.100 ns  ; SW_Count_Coder:Coder|Word_test:Word_test|inner_f2m             ; TEST_CODER[0]            ; CLK        ;
; N/A   ; None         ; 9.900 ns   ; SW_Count_Coder:Coder|DIV_F2M:DIV|F2M                           ; TEST_CODER_F2M           ; CLK        ;
+-------+--------------+------------+----------------------------------------------------------------+--------------------------+------------+


+------------------------------------------------------------------------------------------------------------------------------------------+
; th                                                                                                                                       ;
+---------------+-------------+-----------+------------------+------------------------------------------------------------------+----------+
; Minimum Slack ; Required th ; Actual th ; From             ; To                                                               ; To Clock ;
+---------------+-------------+-----------+------------------+------------------------------------------------------------------+----------+
; N/A           ; None        ; 3.400 ns  ; ERROR_WORD[1]    ; SW_Count_Coder:Coder|Word_test:Word_test|OUT_WORD[1]             ; CLK      ;
; N/A           ; None        ; 3.400 ns  ; ERROR_WORD[1]    ; SW_Count_Coder:Coder|Word_test:Word_test|OUT_WORD[2]             ; CLK      ;
; N/A           ; None        ; 3.400 ns  ; ERROR_WORD[0]    ; SW_Count_Coder:Coder|Word_test:Word_test|OUT_WORD[1]             ; CLK      ;
; N/A           ; None        ; 3.400 ns  ; ERROR_WORD[0]    ; SW_Count_Coder:Coder|Word_test:Word_test|OUT_WORD[2]             ; CLK      ;
; N/A           ; None        ; 1.600 ns  ; ERROR_WORD[0]    ; SW_Count_Coder:Coder|Word_test:Word_test|OUT_WORD[0]             ; CLK      ;
; N/A           ; None        ; 1.400 ns  ; ERROR_WORD[1]    ; SW_Count_Coder:Coder|Word_test:Word_test|OUT_WORD[0]             ; CLK      ;
; N/A           ; None        ; 0.000 ns  ; ERROR_COUNTER[1] ; SW_Count_Coder:Coder|Step_count:COUNT|counter[2]                 ; CLK      ;
; N/A           ; None        ; -0.200 ns ; ERROR_COUNTER[1] ; SW_Count_Coder:Coder|Step_count:COUNT|counter[0]                 ; CLK      ;
; N/A           ; None        ; -0.200 ns ; ERROR_COUNTER[1] ; SW_Count_Coder:Coder|Step_count:COUNT|counter[1]                 ; CLK      ;
; N/A           ; None        ; -0.400 ns ; ERROR_WORD[0]    ; SW_Count_Coder:Coder|Form_word:Form_word|OUT_WORD                ; CLK      ;
; N/A           ; None        ; -0.600 ns ; ERROR_WORD[1]    ; SW_Count_Coder:Coder|Form_word:Form_word|OUT_WORD                ; CLK      ;
; N/A           ; None        ; -0.600 ns ; ERROR_BUFFER[0]  ; SW_Count_Coder:Coder|Form_buffer:Form_buffer|buffer_temp_1[1]    ; CLK      ;
; N/A           ; None        ; -0.700 ns ; ERROR_COUNTER[0] ; SW_Count_Coder:Coder|Step_count:COUNT|counter[0]                 ; CLK      ;
; N/A           ; None        ; -0.700 ns ; ERROR_COUNTER[0] ; SW_Count_Coder:Coder|Step_count:COUNT|counter[1]                 ; CLK      ;
; N/A           ; None        ; -0.700 ns ; ERROR_COUNTER[0] ; SW_Count_Coder:Coder|Step_count:COUNT|counter[2]                 ; CLK      ;
; N/A           ; None        ; -0.800 ns ; ERROR_BUFFER[1]  ; SW_Count_Coder:Coder|Form_buffer:Form_buffer|buffer_temp_1[1]    ; CLK      ;
; N/A           ; None        ; -1.100 ns ; RES_COD          ; SW_Count_Coder:Coder|Word_test:Word_test|temp_buffer[0]          ; CLK      ;
; N/A           ; None        ; -1.100 ns ; RES_COD          ; SW_Count_Coder:Coder|Word_test:Word_test|temp_buffer[1]          ; CLK      ;
; N/A           ; None        ; -2.300 ns ; ERROR_BUFFER[1]  ; SW_Count_Coder:Coder|Form_buffer:Form_buffer|buffer_temp_1[2]    ; CLK      ;
; N/A           ; None        ; -2.300 ns ; ERROR_BUFFER[0]  ; SW_Count_Coder:Coder|Form_buffer:Form_buffer|buffer_temp_1[2]    ; CLK      ;
; N/A           ; None        ; -3.200 ns ; ERROR_BUFFER[0]  ; SW_Count_Coder:Coder|Form_buffer:Form_buffer|buffer_temp_1[0]    ; CLK      ;
; N/A           ; None        ; -3.300 ns ; ERROR_BUFFER[1]  ; SW_Count_Coder:Coder|Form_buffer:Form_buffer|buffer_temp_1[0]    ; CLK      ;
; N/A           ; None        ; -4.300 ns ; RES_DEC          ; SW_Count_Decoder:DEecoder|Decoder_Reader:READ_WORD|word_inner[0] ; CLK      ;
; N/A           ; None        ; -4.300 ns ; RES_DEC          ; SW_Count_Decoder:DEecoder|Decoder_Reader:READ_WORD|word_inner[1] ; CLK      ;
; N/A           ; None        ; -4.300 ns ; RES_DEC          ; SW_Count_Decoder:DEecoder|Decoder_Reader:READ_WORD|word_inner[2] ; CLK      ;
+---------------+-------------+-----------+------------------+------------------------------------------------------------------+----------+


+--------------------------+
; Timing Analyzer Messages ;
+--------------------------+
Info: *******************************************************************
Info: Running Quartus II Classic Timing Analyzer
    Info: Version 9.0 Build 235 06/17/2009 Service Pack 2 SJ Web Edition
    Info: Processing started: Wed Jan 10 14:51:08 2018
Info: Command: quartus_tan --read_settings_files=off --write_settings_files=off Rad_Base -c Rad_Base
Info: Started post-fitting delay annotation
Info: Delay annotation completed successfully
Warning: Timing Analysis is analyzing one or more combinational loops as latches
    Warning: Node "SW_Count_Coder:Coder|Form_word:Form_word|OUT_WORD" is a latch
Warning: Found pins functioning as undefined clocks and/or memory enables
    Info: Assuming node "CLK" is an undefined clock
Warning: Found 6 node(s) in clock paths which may be acting as ripple and/or gated clocks -- node(s) analyzed as buffer(s) resulting in clock skew
    Info: Detected gated clock "SW_Count_Coder:Coder|Form_word:Form_word|OUT_WORD~30" as buffer
    Info: Detected ripple clock "SW_Count_Coder:Coder|Word_test:Word_test|inner_f2m" as buffer
    Info: Detected ripple clock "SW_Count_Coder:Coder|DIV_F2M:DIV|counter[2]" as buffer
    Info: Detected ripple clock "SW_Count_Coder:Coder|DIV_F2M:DIV|counter[1]" as buffer
    Info: Detected ripple clock "SW_Count_Coder:Coder|DIV_F2M:DIV|counter[0]" as buffer
    Info: Detected ripple clock "SW_Count_Coder:Coder|DIV_F2M:DIV|F2M" as buffer
Info: Clock "CLK" has Internal fmax of 47.17 MHz between source register "SW_Count_Coder:Coder|DIV_F2M:DIV|counter[0]" and destination register "SW_Count_Coder:Coder|Form_word:Form_word|OUT_WORD" (period= 21.2 ns)
    Info: + Longest register to register delay is 11.600 ns
        Info: 1: + IC(0.000 ns) + CELL(0.000 ns) = 0.000 ns; Loc. = LC6_E2; Fanout = 7; REG Node = 'SW_Count_Coder:Coder|DIV_F2M:DIV|counter[0]'
        Info: 2: + IC(0.300 ns) + CELL(1.600 ns) = 1.900 ns; Loc. = LC7_E2; Fanout = 4; COMB Node = 'SW_Count_Coder:Coder|DIV_F2M:DIV|Equal1~0'
        Info: 3: + IC(0.900 ns) + CELL(1.400 ns) = 4.200 ns; Loc. = LC1_E1; Fanout = 1; COMB Node = 'SW_Count_Coder:Coder|Form_word:Form_word|OUT_WORD~24'
        Info: 4: + IC(0.300 ns) + CELL(1.600 ns) = 6.100 ns; Loc. = LC2_E1; Fanout = 1; COMB Node = 'SW_Count_Coder:Coder|Form_word:Form_word|OUT_WORD~25'
        Info: 5: + IC(0.300 ns) + CELL(1.600 ns) = 8.000 ns; Loc. = LC4_E1; Fanout = 1; COMB Node = 'SW_Count_Coder:Coder|Form_word:Form_word|OUT_WORD~27'
        Info: 6: + IC(0.300 ns) + CELL(1.600 ns) = 9.900 ns; Loc. = LC8_E1; Fanout = 1; COMB Node = 'SW_Count_Coder:Coder|Form_word:Form_word|OUT_WORD~29'
        Info: 7: + IC(0.300 ns) + CELL(1.400 ns) = 11.600 ns; Loc. = LC3_E1; Fanout = 8; REG Node = 'SW_Count_Coder:Coder|Form_word:Form_word|OUT_WORD'
        Info: Total cell delay = 9.200 ns ( 79.31 % )
        Info: Total interconnect delay = 2.400 ns ( 20.69 % )
    Info: - Smallest clock skew is 5.000 ns
        Info: + Shortest clock path from clock "CLK" to destination register is 7.400 ns
            Info: 1: + IC(0.000 ns) + CELL(2.000 ns) = 2.000 ns; Loc. = PIN_L8; Fanout = 26; CLK Node = 'CLK'
            Info: 2: + IC(0.400 ns) + CELL(0.500 ns) = 2.900 ns; Loc. = LC6_E2; Fanout = 7; REG Node = 'SW_Count_Coder:Coder|DIV_F2M:DIV|counter[0]'
            Info: 3: + IC(0.300 ns) + CELL(1.400 ns) = 4.600 ns; Loc. = LC4_E2; Fanout = 1; COMB Node = 'SW_Count_Coder:Coder|Form_word:Form_word|OUT_WORD~30'
            Info: 4: + IC(1.200 ns) + CELL(1.600 ns) = 7.400 ns; Loc. = LC3_E1; Fanout = 8; REG Node = 'SW_Count_Coder:Coder|Form_word:Form_word|OUT_WORD'
            Info: Total cell delay = 5.500 ns ( 74.32 % )
            Info: Total interconnect delay = 1.900 ns ( 25.68 % )
        Info: - Longest clock path from clock "CLK" to source register is 2.400 ns
            Info: 1: + IC(0.000 ns) + CELL(2.000 ns) = 2.000 ns; Loc. = PIN_L8; Fanout = 26; CLK Node = 'CLK'
            Info: 2: + IC(0.400 ns) + CELL(0.000 ns) = 2.400 ns; Loc. = LC6_E2; Fanout = 7; REG Node = 'SW_Count_Coder:Coder|DIV_F2M:DIV|counter[0]'
            Info: Total cell delay = 2.000 ns ( 83.33 % )
            Info: Total interconnect delay = 0.400 ns ( 16.67 % )
    Info: + Micro clock to output delay of source is 0.500 ns
    Info: + Micro setup delay of destination is 3.500 ns
    Info: Delay path is controlled by inverted clocks -- if clock duty cycle is 50%, fmax is divided by two
Warning: Circuit may not operate. Detected 1 non-operational path(s) clocked by clock "CLK" with clock skew larger than data delay. See Compilation Report for details.
Info: Found hold time violation between source  pin or register "SW_Count_Coder:Coder|DIV_F2M:DIV|number" and destination pin or register "SW_Count_Coder:Coder|Word_test:Word_test|OUT_WORD[0]" for clock "CLK" (Hold time is 1.1 ns)
    Info: + Largest clock skew is 2.900 ns
        Info: + Longest clock path from clock "CLK" to destination register is 5.300 ns
            Info: 1: + IC(0.000 ns) + CELL(2.000 ns) = 2.000 ns; Loc. = PIN_L8; Fanout = 26; CLK Node = 'CLK'
            Info: 2: + IC(0.400 ns) + CELL(0.500 ns) = 2.900 ns; Loc. = LC2_B8; Fanout = 4; REG Node = 'SW_Count_Coder:Coder|Word_test:Word_test|inner_f2m'
            Info: 3: + IC(2.400 ns) + CELL(0.000 ns) = 5.300 ns; Loc. = LC3_E17; Fanout = 1; REG Node = 'SW_Count_Coder:Coder|Word_test:Word_test|OUT_WORD[0]'
            Info: Total cell delay = 2.500 ns ( 47.17 % )
            Info: Total interconnect delay = 2.800 ns ( 52.83 % )
        Info: - Shortest clock path from clock "CLK" to source register is 2.400 ns
            Info: 1: + IC(0.000 ns) + CELL(2.000 ns) = 2.000 ns; Loc. = PIN_L8; Fanout = 26; CLK Node = 'CLK'
            Info: 2: + IC(0.400 ns) + CELL(0.000 ns) = 2.400 ns; Loc. = LC8_E5; Fanout = 6; REG Node = 'SW_Count_Coder:Coder|DIV_F2M:DIV|number'
            Info: Total cell delay = 2.000 ns ( 83.33 % )
            Info: Total interconnect delay = 0.400 ns ( 16.67 % )
    Info: - Micro clock to output delay of source is 0.500 ns
    Info: - Shortest register to register delay is 2.600 ns
        Info: 1: + IC(0.000 ns) + CELL(0.000 ns) = 0.000 ns; Loc. = LC8_E5; Fanout = 6; REG Node = 'SW_Count_Coder:Coder|DIV_F2M:DIV|number'
        Info: 2: + IC(1.800 ns) + CELL(0.800 ns) = 2.600 ns; Loc. = LC3_E17; Fanout = 1; REG Node = 'SW_Count_Coder:Coder|Word_test:Word_test|OUT_WORD[0]'
        Info: Total cell delay = 0.800 ns ( 30.77 % )
        Info: Total interconnect delay = 1.800 ns ( 69.23 % )
    Info: + Micro hold delay of destination is 1.300 ns
Info: tsu for register "SW_Count_Coder:Coder|Form_word:Form_word|OUT_WORD" (data pin = "ERROR_WORD[1]", clock pin = "CLK") is 8.300 ns
    Info: + Longest pin to register delay is 12.200 ns
        Info: 1: + IC(0.000 ns) + CELL(2.000 ns) = 2.000 ns; Loc. = PIN_A9; Fanout = 6; PIN Node = 'ERROR_WORD[1]'
        Info: 2: + IC(0.200 ns) + CELL(1.600 ns) = 3.800 ns; Loc. = LC8_E17; Fanout = 3; COMB Node = 'SW_Count_Coder:Coder|Form_word:Form_word|Equal0~0'
        Info: 3: + IC(1.300 ns) + CELL(1.600 ns) = 6.700 ns; Loc. = LC2_E1; Fanout = 1; COMB Node = 'SW_Count_Coder:Coder|Form_word:Form_word|OUT_WORD~25'
        Info: 4: + IC(0.300 ns) + CELL(1.600 ns) = 8.600 ns; Loc. = LC4_E1; Fanout = 1; COMB Node = 'SW_Count_Coder:Coder|Form_word:Form_word|OUT_WORD~27'
        Info: 5: + IC(0.300 ns) + CELL(1.600 ns) = 10.500 ns; Loc. = LC8_E1; Fanout = 1; COMB Node = 'SW_Count_Coder:Coder|Form_word:Form_word|OUT_WORD~29'
        Info: 6: + IC(0.300 ns) + CELL(1.400 ns) = 12.200 ns; Loc. = LC3_E1; Fanout = 8; REG Node = 'SW_Count_Coder:Coder|Form_word:Form_word|OUT_WORD'
        Info: Total cell delay = 9.800 ns ( 80.33 % )
        Info: Total interconnect delay = 2.400 ns ( 19.67 % )
    Info: + Micro setup delay of destination is 3.500 ns
    Info: - Shortest clock path from clock "CLK" to destination register is 7.400 ns
        Info: 1: + IC(0.000 ns) + CELL(2.000 ns) = 2.000 ns; Loc. = PIN_L8; Fanout = 26; CLK Node = 'CLK'
        Info: 2: + IC(0.400 ns) + CELL(0.500 ns) = 2.900 ns; Loc. = LC6_E2; Fanout = 7; REG Node = 'SW_Count_Coder:Coder|DIV_F2M:DIV|counter[0]'
        Info: 3: + IC(0.300 ns) + CELL(1.400 ns) = 4.600 ns; Loc. = LC4_E2; Fanout = 1; COMB Node = 'SW_Count_Coder:Coder|Form_word:Form_word|OUT_WORD~30'
        Info: 4: + IC(1.200 ns) + CELL(1.600 ns) = 7.400 ns; Loc. = LC3_E1; Fanout = 8; REG Node = 'SW_Count_Coder:Coder|Form_word:Form_word|OUT_WORD'
        Info: Total cell delay = 5.500 ns ( 74.32 % )
        Info: Total interconnect delay = 1.900 ns ( 25.68 % )
Info: tco from clock "CLK" to destination pin "TEST_CODER_BUFFER_1[2]" through register "SW_Count_Coder:Coder|Form_buffer:Form_buffer|buffer_temp_1[2]" is 15.200 ns
    Info: + Longest clock path from clock "CLK" to source register is 6.300 ns
        Info: 1: + IC(0.000 ns) + CELL(2.000 ns) = 2.000 ns; Loc. = PIN_L8; Fanout = 26; CLK Node = 'CLK'
        Info: 2: + IC(0.400 ns) + CELL(0.500 ns) = 2.900 ns; Loc. = LC1_E2; Fanout = 12; REG Node = 'SW_Count_Coder:Coder|DIV_F2M:DIV|F2M'
        Info: 3: + IC(3.400 ns) + CELL(0.000 ns) = 6.300 ns; Loc. = LC6_E10; Fanout = 5; REG Node = 'SW_Count_Coder:Coder|Form_buffer:Form_buffer|buffer_temp_1[2]'
        Info: Total cell delay = 2.500 ns ( 39.68 % )
        Info: Total interconnect delay = 3.800 ns ( 60.32 % )
    Info: + Micro clock to output delay of source is 0.500 ns
    Info: + Longest register to pin delay is 8.400 ns
        Info: 1: + IC(0.000 ns) + CELL(0.000 ns) = 0.000 ns; Loc. = LC6_E10; Fanout = 5; REG Node = 'SW_Count_Coder:Coder|Form_buffer:Form_buffer|buffer_temp_1[2]'
        Info: 2: + IC(2.100 ns) + CELL(6.300 ns) = 8.400 ns; Loc. = PIN_L16; Fanout = 0; PIN Node = 'TEST_CODER_BUFFER_1[2]'
        Info: Total cell delay = 6.300 ns ( 75.00 % )
        Info: Total interconnect delay = 2.100 ns ( 25.00 % )
Info: th for register "SW_Count_Coder:Coder|Word_test:Word_test|OUT_WORD[1]" (data pin = "ERROR_WORD[1]", clock pin = "CLK") is 3.400 ns
    Info: + Longest clock path from clock "CLK" to destination register is 5.300 ns
        Info: 1: + IC(0.000 ns) + CELL(2.000 ns) = 2.000 ns; Loc. = PIN_L8; Fanout = 26; CLK Node = 'CLK'
        Info: 2: + IC(0.400 ns) + CELL(0.500 ns) = 2.900 ns; Loc. = LC2_B8; Fanout = 4; REG Node = 'SW_Count_Coder:Coder|Word_test:Word_test|inner_f2m'
        Info: 3: + IC(2.400 ns) + CELL(0.000 ns) = 5.300 ns; Loc. = LC5_E17; Fanout = 1; REG Node = 'SW_Count_Coder:Coder|Word_test:Word_test|OUT_WORD[1]'
        Info: Total cell delay = 2.500 ns ( 47.17 % )
        Info: Total interconnect delay = 2.800 ns ( 52.83 % )
    Info: + Micro hold delay of destination is 1.300 ns
    Info: - Shortest pin to register delay is 3.200 ns
        Info: 1: + IC(0.000 ns) + CELL(2.000 ns) = 2.000 ns; Loc. = PIN_A9; Fanout = 6; PIN Node = 'ERROR_WORD[1]'
        Info: 2: + IC(0.200 ns) + CELL(1.000 ns) = 3.200 ns; Loc. = LC5_E17; Fanout = 1; REG Node = 'SW_Count_Coder:Coder|Word_test:Word_test|OUT_WORD[1]'
        Info: Total cell delay = 3.000 ns ( 93.75 % )
        Info: Total interconnect delay = 0.200 ns ( 6.25 % )
Info: Quartus II Classic Timing Analyzer was successful. 0 errors, 5 warnings
    Info: Peak virtual memory: 186 megabytes
    Info: Processing ended: Wed Jan 10 14:51:08 2018
    Info: Elapsed time: 00:00:00
    Info: Total CPU time (on all processors): 00:00:00


